Archive member included to satisfy reference by file (symbol)

/usr/lib/gcc/arm-none-eabi/12.2.1/thumb/v6-m/nofp/libgcc.a(_dvmd_tls.o)
                              CMakeFiles/assign02.dir/home/h4ckrman/pico/pico-sdk/src/rp2_common/pico_divider/divider.S.obj (__aeabi_idiv0)
/usr/lib/gcc/arm-none-eabi/12.2.1/../../../arm-none-eabi/lib/thumb/v6-m/nofp/libg.a(lib_a-atexit.o)
                              /usr/lib/gcc/arm-none-eabi/12.2.1/../../../arm-none-eabi/lib/thumb/v6-m/nofp/crt0.o (atexit)
/usr/lib/gcc/arm-none-eabi/12.2.1/../../../arm-none-eabi/lib/thumb/v6-m/nofp/libg.a(lib_a-calloc.o)
                              CMakeFiles/assign02.dir/home/h4ckrman/pico/pico-sdk/src/rp2_common/pico_malloc/pico_malloc.c.obj (calloc)
/usr/lib/gcc/arm-none-eabi/12.2.1/../../../arm-none-eabi/lib/thumb/v6-m/nofp/libg.a(lib_a-callocr.o)
                              /usr/lib/gcc/arm-none-eabi/12.2.1/../../../arm-none-eabi/lib/thumb/v6-m/nofp/libg.a(lib_a-calloc.o) (_calloc_r)
/usr/lib/gcc/arm-none-eabi/12.2.1/../../../arm-none-eabi/lib/thumb/v6-m/nofp/libg.a(lib_a-fini.o)
                              /usr/lib/gcc/arm-none-eabi/12.2.1/../../../arm-none-eabi/lib/thumb/v6-m/nofp/crt0.o (__libc_fini_array)
/usr/lib/gcc/arm-none-eabi/12.2.1/../../../arm-none-eabi/lib/thumb/v6-m/nofp/libg.a(lib_a-impure.o)
                              /usr/lib/gcc/arm-none-eabi/12.2.1/../../../arm-none-eabi/lib/thumb/v6-m/nofp/libg.a(lib_a-calloc.o) (_impure_ptr)
/usr/lib/gcc/arm-none-eabi/12.2.1/../../../arm-none-eabi/lib/thumb/v6-m/nofp/libg.a(lib_a-init.o)
                              /usr/lib/gcc/arm-none-eabi/12.2.1/../../../arm-none-eabi/lib/thumb/v6-m/nofp/crt0.o (__libc_init_array)
/usr/lib/gcc/arm-none-eabi/12.2.1/../../../arm-none-eabi/lib/thumb/v6-m/nofp/libg.a(lib_a-malloc.o)
                              CMakeFiles/assign02.dir/home/h4ckrman/pico/pico-sdk/src/rp2_common/pico_malloc/pico_malloc.c.obj (malloc)
/usr/lib/gcc/arm-none-eabi/12.2.1/../../../arm-none-eabi/lib/thumb/v6-m/nofp/libg.a(lib_a-mallocr.o)
                              /usr/lib/gcc/arm-none-eabi/12.2.1/../../../arm-none-eabi/lib/thumb/v6-m/nofp/libg.a(lib_a-callocr.o) (_malloc_r)
/usr/lib/gcc/arm-none-eabi/12.2.1/../../../arm-none-eabi/lib/thumb/v6-m/nofp/libg.a(lib_a-mlock.o)
                              /usr/lib/gcc/arm-none-eabi/12.2.1/../../../arm-none-eabi/lib/thumb/v6-m/nofp/libg.a(lib_a-mallocr.o) (__malloc_lock)
/usr/lib/gcc/arm-none-eabi/12.2.1/../../../arm-none-eabi/lib/thumb/v6-m/nofp/libg.a(lib_a-rand.o)
                              CMakeFiles/assign02.dir/assign02.c.obj (srand)
/usr/lib/gcc/arm-none-eabi/12.2.1/../../../arm-none-eabi/lib/thumb/v6-m/nofp/libg.a(lib_a-realloc.o)
                              CMakeFiles/assign02.dir/home/h4ckrman/pico/pico-sdk/src/rp2_common/pico_malloc/pico_malloc.c.obj (realloc)
/usr/lib/gcc/arm-none-eabi/12.2.1/../../../arm-none-eabi/lib/thumb/v6-m/nofp/libg.a(lib_a-reallocr.o)
                              /usr/lib/gcc/arm-none-eabi/12.2.1/../../../arm-none-eabi/lib/thumb/v6-m/nofp/libg.a(lib_a-realloc.o) (_realloc_r)
/usr/lib/gcc/arm-none-eabi/12.2.1/../../../arm-none-eabi/lib/thumb/v6-m/nofp/libg.a(lib_a-sbrkr.o)
                              /usr/lib/gcc/arm-none-eabi/12.2.1/../../../arm-none-eabi/lib/thumb/v6-m/nofp/libg.a(lib_a-mallocr.o) (_sbrk_r)
/usr/lib/gcc/arm-none-eabi/12.2.1/../../../arm-none-eabi/lib/thumb/v6-m/nofp/libg.a(lib_a-strlen-stub.o)
                              CMakeFiles/assign02.dir/home/h4ckrman/pico/pico-sdk/src/rp2_common/pico_stdio/stdio.c.obj (strlen)
/usr/lib/gcc/arm-none-eabi/12.2.1/../../../arm-none-eabi/lib/thumb/v6-m/nofp/libg.a(lib_a-time.o)
                              CMakeFiles/assign02.dir/assign02.c.obj (time)
/usr/lib/gcc/arm-none-eabi/12.2.1/../../../arm-none-eabi/lib/thumb/v6-m/nofp/libg.a(lib_a-__atexit.o)
                              /usr/lib/gcc/arm-none-eabi/12.2.1/../../../arm-none-eabi/lib/thumb/v6-m/nofp/libg.a(lib_a-atexit.o) (__register_exitproc)
/usr/lib/gcc/arm-none-eabi/12.2.1/../../../arm-none-eabi/lib/thumb/v6-m/nofp/libg.a(lib_a-freer.o)
                              /usr/lib/gcc/arm-none-eabi/12.2.1/../../../arm-none-eabi/lib/thumb/v6-m/nofp/libg.a(lib_a-malloc.o) (_free_r)
/usr/lib/gcc/arm-none-eabi/12.2.1/../../../arm-none-eabi/lib/thumb/v6-m/nofp/libg.a(lib_a-gettimeofdayr.o)
                              /usr/lib/gcc/arm-none-eabi/12.2.1/../../../arm-none-eabi/lib/thumb/v6-m/nofp/libg.a(lib_a-time.o) (_gettimeofday_r)
/usr/lib/gcc/arm-none-eabi/12.2.1/../../../arm-none-eabi/lib/thumb/v6-m/nofp/libg.a(lib_a-memmove.o)
                              /usr/lib/gcc/arm-none-eabi/12.2.1/../../../arm-none-eabi/lib/thumb/v6-m/nofp/libg.a(lib_a-reallocr.o) (memmove)
/usr/lib/gcc/arm-none-eabi/12.2.1/../../../arm-none-eabi/lib/thumb/v6-m/nofp/libg.a(lib_a-reent.o)
                              /usr/lib/gcc/arm-none-eabi/12.2.1/../../../arm-none-eabi/lib/thumb/v6-m/nofp/libg.a(lib_a-sbrkr.o) (errno)

Discarded input sections

[...]
Memory Configuration

Name             Origin             Length             Attributes
FLASH            0x10000000         0x00200000         xr
RAM              0x20000000         0x00040000         xrw
SCRATCH_X        0x20040000         0x00001000         xrw
SCRATCH_Y        0x20041000         0x00001000         xrw
*default*        0x00000000         0xffffffff

Linker script and memory map

LOAD /usr/lib/gcc/arm-none-eabi/12.2.1/thumb/v6-m/nofp/crti.o
LOAD /usr/lib/gcc/arm-none-eabi/12.2.1/thumb/v6-m/nofp/crtbegin.o
LOAD /usr/lib/gcc/arm-none-eabi/12.2.1/../../../arm-none-eabi/lib/thumb/v6-m/nofp/crt0.o

.flash_begin    0x10000000        0x0
                0x10000000                        __flash_binary_start = .

.boot2          0x10000000      0x100
                0x10000000                        __boot2_start__ = .
 *(.boot2)
 .boot2         0x10000000      0x100 /tmp/ccrQypFh.o
                0x10000100                        __boot2_end__ = .
                0x00000001                        ASSERT (((__boot2_end__ - __boot2_start__) == 0x100), ERROR: Pico second stage bootloader must be 256 bytes in size)

.text           0x10000100     0x5808
                0x10000100                        __logical_binary_start = .
 *(.vectors)
 .vectors       0x10000100       0xd4 CMakeFiles/assign02.dir/home/h4ckrman/pico/pico-sdk/src/rp2_common/pico_standard_link/crt0.S.obj
                0x10000100                __vectors
                0x10000100                __VECTOR_TABLE
                0x100001c0                isr_invalid
                0x100001c0                __default_isrs_start
                0x100001c2                isr_nmi
                0x100001c4                isr_hardfault
                0x100001c6                isr_svcall
                0x100001c8                isr_pendsv
                0x100001ca                isr_systick
                0x100001cc                isr_irq30
                0x100001cc                __unhandled_user_irq
                0x100001cc                isr_irq13
                0x100001cc                isr_irq27
                0x100001cc                isr_irq31
                0x100001cc                isr_irq5
                0x100001cc                isr_irq11
                0x100001cc                isr_irq23
                0x100001cc                isr_irq18
                0x100001cc                isr_irq28
                0x100001cc                isr_irq19
                0x100001cc                isr_irq0
                0x100001cc                isr_irq6
                0x100001cc                isr_irq22
                0x100001cc                isr_irq17
                0x100001cc                isr_irq14
                0x100001cc                isr_irq2
                0x100001cc                isr_irq10
                0x100001cc                isr_irq8
                0x100001cc                isr_irq24
                0x100001cc                isr_irq1
                0x100001cc                isr_irq7
                0x100001cc                isr_irq21
                0x100001cc                isr_irq20
                0x100001cc                isr_irq15
                0x100001cc                isr_irq25
                0x100001cc                isr_irq4
                0x100001cc                isr_irq16
                0x100001cc                isr_irq29
                0x100001cc                isr_irq26
                0x100001cc                __default_isrs_end
                0x100001cc                isr_irq3
                0x100001cc                isr_irq12
                0x100001cc                isr_irq9
                0x100001d2                unhandled_user_irq_num_in_r0
 *(.binary_info_header)
 .binary_info_header
                0x100001d4       0x14 CMakeFiles/assign02.dir/home/h4ckrman/pico/pico-sdk/src/rp2_common/pico_standard_link/crt0.S.obj
                0x100001e8                        __binary_info_header_end = .
 *(.reset)
 .reset         0x100001e8       0xa0 CMakeFiles/assign02.dir/home/h4ckrman/pico/pico-sdk/src/rp2_common/pico_standard_link/crt0.S.obj
                0x100001e8                _entry_point
 .reset         0x10000288       0x30 CMakeFiles/assign02.dir/home/h4ckrman/pico/pico-sdk/src/rp2_common/pico_standard_link/binary_info.c.obj
 *(.init)
 .init          0x100002b8        0x4 /usr/lib/gcc/arm-none-eabi/12.2.1/thumb/v6-m/nofp/crti.o
                0x100002b8                _init
 *(EXCLUDE_FILE(*libm.a: *libc.a:*lib_a-mem*.o *libgcc.a:) .text*)
 .text          0x100002bc       0x98 /usr/lib/gcc/arm-none-eabi/12.2.1/thumb/v6-m/nofp/crtbegin.o
 .text.sm_config_set_clkdiv
                0x10000354       0x3c CMakeFiles/assign02.dir/assign02.c.obj
 .text.pio_get_default_sm_config
                0x10000390       0x28 CMakeFiles/assign02.dir/assign02.c.obj
 .text.ws2812_program_get_default_config
                0x100003b8       0x3c CMakeFiles/assign02.dir/assign02.c.obj
 .text.ws2812_program_init
                0x100003f4       0xd4 CMakeFiles/assign02.dir/assign02.c.obj
 .text.wd_enable
                0x100004c8       0x10 CMakeFiles/assign02.dir/assign02.c.obj
                0x100004c8                wd_enable
 .text.reset_game_params
                0x100004d8       0x30 CMakeFiles/assign02.dir/assign02.c.obj
                0x100004d8                reset_game_params
 .text.upper_edge
                0x10000508       0x24 CMakeFiles/assign02.dir/assign02.c.obj
                0x10000508                upper_edge
 .text.lower_edge
                0x1000052c       0x24 CMakeFiles/assign02.dir/assign02.c.obj
                0x1000052c                lower_edge
 .text.rules    0x10000550       0x4c CMakeFiles/assign02.dir/assign02.c.obj
                0x10000550                rules
 .text.menu_screen
                0x1000059c       0x7c CMakeFiles/assign02.dir/assign02.c.obj
                0x1000059c                menu_screen
 .text.clear_screen
                0x10000618       0x1c CMakeFiles/assign02.dir/assign02.c.obj
                0x10000618                clear_screen
 .text.correct_screen
                0x10000634       0x4c CMakeFiles/assign02.dir/assign02.c.obj
                0x10000634                correct_screen
 .text.incorrect_screen
                0x10000680       0x4c CMakeFiles/assign02.dir/assign02.c.obj
                0x10000680                incorrect_screen
 .text.update_LED
                0x100006cc       0x80 CMakeFiles/assign02.dir/assign02.c.obj
                0x100006cc                update_LED
 .text.welcome_screen
                0x1000074c       0xc4 CMakeFiles/assign02.dir/assign02.c.obj
                0x1000074c                welcome_screen
 .text.choose_expected
                0x10000810       0x40 CMakeFiles/assign02.dir/assign02.c.obj
                0x10000810                choose_expected
 .text.stats    0x10000850       0x80 CMakeFiles/assign02.dir/assign02.c.obj
                0x10000850                stats
 .text.end_screen
                0x100008d0       0xb0 CMakeFiles/assign02.dir/assign02.c.obj
                0x100008d0                end_screen
 .text.losing_screen
                0x10000980       0xf0 CMakeFiles/assign02.dir/assign02.c.obj
                0x10000980                losing_screen
 .text.level_complete_screen
                0x10000a70       0xc0 CMakeFiles/assign02.dir/assign02.c.obj
                0x10000a70                level_complete_screen
 .text.print_expected
                0x10000b30       0xe0 CMakeFiles/assign02.dir/assign02.c.obj
                0x10000b30                print_expected
 .text.level_init
                0x10000c10       0x30 CMakeFiles/assign02.dir/assign02.c.obj
                0x10000c10                level_init
 .text.state_processor
                0x10000c40      0x224 CMakeFiles/assign02.dir/assign02.c.obj
                0x10000c40                state_processor
 .text.asm_gpio_init
                0x10000e64        0x8 CMakeFiles/assign02.dir/assign02.c.obj
                0x10000e64                asm_gpio_init
 .text.asm_gpio_set_dir
                0x10000e6c       0x18 CMakeFiles/assign02.dir/assign02.c.obj
                0x10000e6c                asm_gpio_set_dir
 .text.asm_gpio_set_irq
                0x10000e84        0xc CMakeFiles/assign02.dir/assign02.c.obj
                0x10000e84                asm_gpio_set_irq
 .text.add_dot  0x10000e90       0x44 CMakeFiles/assign02.dir/assign02.c.obj
                0x10000e90                add_dot
 .text.add_dash
                0x10000ed4       0x44 CMakeFiles/assign02.dir/assign02.c.obj
                0x10000ed4                add_dash
 .text.end_sequence
                0x10000f18       0x40 CMakeFiles/assign02.dir/assign02.c.obj
                0x10000f18                end_sequence
 .text.add_char
                0x10000f58       0x90 CMakeFiles/assign02.dir/assign02.c.obj
                0x10000f58                add_char
 .text.end_char
                0x10000fe8       0x2c CMakeFiles/assign02.dir/assign02.c.obj
                0x10000fe8                end_char
 .text.main     0x10001014       0x40 CMakeFiles/assign02.dir/assign02.c.obj
                0x10001014                main
 *fill*         0x10001054        0xc 
 .text          0x10001060      0x158 CMakeFiles/assign02.dir/assign02.S.obj
                0x10001060                main_asm
 .text.gpio_set_function
                0x100011b8       0x30 CMakeFiles/assign02.dir/home/h4ckrman/pico/pico-sdk/src/rp2_common/hardware_gpio/gpio.c.obj
                0x100011b8                gpio_set_function
 .text.gpio_acknowledge_irq
                0x100011e8       0x18 CMakeFiles/assign02.dir/home/h4ckrman/pico/pico-sdk/src/rp2_common/hardware_gpio/gpio.c.obj
                0x100011e8                gpio_acknowledge_irq
 .text._gpio_set_irq_enabled
                0x10001200       0x34 CMakeFiles/assign02.dir/home/h4ckrman/pico/pico-sdk/src/rp2_common/hardware_gpio/gpio.c.obj
 .text.gpio_set_irq_enabled
                0x10001234       0x20 CMakeFiles/assign02.dir/home/h4ckrman/pico/pico-sdk/src/rp2_common/hardware_gpio/gpio.c.obj
                0x10001234                gpio_set_irq_enabled
 .text.gpio_init
                0x10001254       0x16 CMakeFiles/assign02.dir/home/h4ckrman/pico/pico-sdk/src/rp2_common/hardware_gpio/gpio.c.obj
                0x10001254                gpio_init
 *fill*         0x1000126a        0x2 
 .text.running_on_fpga
                0x1000126c       0x14 CMakeFiles/assign02.dir/home/h4ckrman/pico/pico-sdk/src/rp2_common/pico_platform/platform.c.obj
                0x1000126c                running_on_fpga
 .text.hw_claim_lock
                0x10001280       0x18 CMakeFiles/assign02.dir/home/h4ckrman/pico/pico-sdk/src/rp2_common/hardware_claim/claim.c.obj
                0x10001280                hw_claim_lock
 .text.hw_claim_unlock
                0x10001298       0x14 CMakeFiles/assign02.dir/home/h4ckrman/pico/pico-sdk/src/rp2_common/hardware_claim/claim.c.obj
                0x10001298                hw_claim_unlock
 .text.hw_claim_or_assert
                0x100012ac       0x32 CMakeFiles/assign02.dir/home/h4ckrman/pico/pico-sdk/src/rp2_common/hardware_claim/claim.c.obj
                0x100012ac                hw_claim_or_assert
 *fill*         0x100012de        0x2 
 .text.spin_locks_reset
                0x100012e0       0x20 CMakeFiles/assign02.dir/home/h4ckrman/pico/pico-sdk/src/rp2_common/hardware_sync/sync.c.obj
                0x100012e0                spin_locks_reset
 .text.next_striped_spin_lock_num
                0x10001300       0x1c CMakeFiles/assign02.dir/home/h4ckrman/pico/pico-sdk/src/rp2_common/hardware_sync/sync.c.obj
                0x10001300                next_striped_spin_lock_num
 .text.set_raw_irq_handler_and_unlock
                0x1000131c       0x28 CMakeFiles/assign02.dir/home/h4ckrman/pico/pico-sdk/src/rp2_common/hardware_irq/irq.c.obj
 .text.resolve_branch
                0x10001344       0x30 CMakeFiles/assign02.dir/home/h4ckrman/pico/pico-sdk/src/rp2_common/hardware_irq/irq.c.obj
 .text.make_branch
                0x10001374       0x48 CMakeFiles/assign02.dir/home/h4ckrman/pico/pico-sdk/src/rp2_common/hardware_irq/irq.c.obj
 .text.insert_branch_and_link
                0x100013bc       0x40 CMakeFiles/assign02.dir/home/h4ckrman/pico/pico-sdk/src/rp2_common/hardware_irq/irq.c.obj
 .text.irq_is_enabled
                0x100013fc       0x18 CMakeFiles/assign02.dir/home/h4ckrman/pico/pico-sdk/src/rp2_common/hardware_irq/irq.c.obj
                0x100013fc                irq_is_enabled
 .text.irq_set_mask_enabled
                0x10001414       0x20 CMakeFiles/assign02.dir/home/h4ckrman/pico/pico-sdk/src/rp2_common/hardware_irq/irq.c.obj
                0x10001414                irq_set_mask_enabled
 .text.irq_set_enabled
                0x10001434        0xe CMakeFiles/assign02.dir/home/h4ckrman/pico/pico-sdk/src/rp2_common/hardware_irq/irq.c.obj
                0x10001434                irq_set_enabled
 *fill*         0x10001442        0x2 
 .text.irq_get_vtable_handler
                0x10001444       0x10 CMakeFiles/assign02.dir/home/h4ckrman/pico/pico-sdk/src/rp2_common/hardware_irq/irq.c.obj
                0x10001444                irq_get_vtable_handler
 .text.irq_set_exclusive_handler
                0x10001454       0x54 CMakeFiles/assign02.dir/home/h4ckrman/pico/pico-sdk/src/rp2_common/hardware_irq/irq.c.obj
                0x10001454                irq_set_exclusive_handler
 .text.irq_remove_handler
                0x100014a8      0x188 CMakeFiles/assign02.dir/home/h4ckrman/pico/pico-sdk/src/rp2_common/hardware_irq/irq.c.obj
                0x100014a8                irq_remove_handler
 .text.irq_add_tail_to_free_list
                0x10001630       0xf0 CMakeFiles/assign02.dir/home/h4ckrman/pico/pico-sdk/src/rp2_common/hardware_irq/irq.c.obj
                0x10001630                irq_add_tail_to_free_list
 .text.irq_init_priorities
                0x10001720       0x1c CMakeFiles/assign02.dir/home/h4ckrman/pico/pico-sdk/src/rp2_common/hardware_irq/irq.c.obj
                0x10001720                irq_init_priorities
 .text.lock_init
                0x1000173c       0x10 CMakeFiles/assign02.dir/home/h4ckrman/pico/pico-sdk/src/common/pico_sync/lock_core.c.obj
                0x1000173c                lock_init
 .text.mutex_init
                0x1000174c       0x1a CMakeFiles/assign02.dir/home/h4ckrman/pico/pico-sdk/src/common/pico_sync/mutex.c.obj
                0x1000174c                mutex_init
 .text.recursive_mutex_init
                0x10001766       0x1e CMakeFiles/assign02.dir/home/h4ckrman/pico/pico-sdk/src/common/pico_sync/mutex.c.obj
                0x10001766                recursive_mutex_init
 .text.time_reached
                0x10001784       0x28 CMakeFiles/assign02.dir/home/h4ckrman/pico/pico-sdk/src/common/pico_time/time.c.obj
 .text.get_entry
                0x100017ac       0x38 CMakeFiles/assign02.dir/home/h4ckrman/pico/pico-sdk/src/common/pico_time/time.c.obj
 .text.timer_pool_entry_comparator
                0x100017e4       0x2e CMakeFiles/assign02.dir/home/h4ckrman/pico/pico-sdk/src/common/pico_time/time.c.obj
                0x100017e4                timer_pool_entry_comparator
 *fill*         0x10001812        0x2 
 .text.update_us_since_boot
                0x10001814       0x24 CMakeFiles/assign02.dir/home/h4ckrman/pico/pico-sdk/src/common/pico_time/time.c.obj
 .text.delayed_by_us
                0x10001838       0x34 CMakeFiles/assign02.dir/home/h4ckrman/pico/pico-sdk/src/common/pico_time/time.c.obj
 .text.ph_get_node
                0x1000186c       0x30 CMakeFiles/assign02.dir/home/h4ckrman/pico/pico-sdk/src/common/pico_time/time.c.obj
 .text.ph_contains_node
                0x1000189c       0x1e CMakeFiles/assign02.dir/home/h4ckrman/pico/pico-sdk/src/common/pico_time/time.c.obj
 .text.ph_new_node
                0x100018ba       0x28 CMakeFiles/assign02.dir/home/h4ckrman/pico/pico-sdk/src/common/pico_time/time.c.obj
 *fill*         0x100018e2        0x2 
 .text.ph_add_child_node
                0x100018e4       0x6c CMakeFiles/assign02.dir/home/h4ckrman/pico/pico-sdk/src/common/pico_time/time.c.obj
 .text.ph_merge_nodes
                0x10001950       0x3e CMakeFiles/assign02.dir/home/h4ckrman/pico/pico-sdk/src/common/pico_time/time.c.obj
 *fill*         0x1000198e        0x2 
 .text.ph_insert_node
                0x10001990       0x3c CMakeFiles/assign02.dir/home/h4ckrman/pico/pico-sdk/src/common/pico_time/time.c.obj
 .text.ph_free_node
                0x100019cc       0x5c CMakeFiles/assign02.dir/home/h4ckrman/pico/pico-sdk/src/common/pico_time/time.c.obj
 .text.get_entry_id_high
                0x10001a28       0x30 CMakeFiles/assign02.dir/home/h4ckrman/pico/pico-sdk/src/common/pico_time/time.c.obj
 .text.alarm_pool_post_alloc_init
                0x10001a58       0x40 CMakeFiles/assign02.dir/home/h4ckrman/pico/pico-sdk/src/common/pico_time/time.c.obj
 .text.sleep_until_callback
                0x10001a98       0x30 CMakeFiles/assign02.dir/home/h4ckrman/pico/pico-sdk/src/common/pico_time/time.c.obj
 .text.get_absolute_time
                0x10001ac8       0x22 CMakeFiles/assign02.dir/home/h4ckrman/pico/pico-sdk/src/common/pico_time/time.c.obj
 *fill*         0x10001aea        0x2 
 .text.add_alarm_under_lock
                0x10001aec       0x94 CMakeFiles/assign02.dir/home/h4ckrman/pico/pico-sdk/src/common/pico_time/time.c.obj
 .text.alarm_pool_alarm_callback
                0x10001b80      0x210 CMakeFiles/assign02.dir/home/h4ckrman/pico/pico-sdk/src/common/pico_time/time.c.obj
 .text.alarm_pool_init_default
                0x10001d90       0x40 CMakeFiles/assign02.dir/home/h4ckrman/pico/pico-sdk/src/common/pico_time/time.c.obj
                0x10001d90                alarm_pool_init_default
 .text.alarm_pool_get_default
                0x10001dd0       0x2c CMakeFiles/assign02.dir/home/h4ckrman/pico/pico-sdk/src/common/pico_time/time.c.obj
                0x10001dd0                alarm_pool_get_default
 .text.alarm_pool_add_alarm_at
                0x10001dfc      0x10e CMakeFiles/assign02.dir/home/h4ckrman/pico/pico-sdk/src/common/pico_time/time.c.obj
                0x10001dfc                alarm_pool_add_alarm_at
 .text.add_alarm_at
                0x10001f0a       0x2e CMakeFiles/assign02.dir/home/h4ckrman/pico/pico-sdk/src/common/pico_time/time.c.obj
 .text.alarm_pool_cancel_alarm
                0x10001f38       0xa8 CMakeFiles/assign02.dir/home/h4ckrman/pico/pico-sdk/src/common/pico_time/time.c.obj
                0x10001f38                alarm_pool_cancel_alarm
 .text.cancel_alarm
                0x10001fe0       0x10 CMakeFiles/assign02.dir/home/h4ckrman/pico/pico-sdk/src/common/pico_time/time.c.obj
 .text.best_effort_wfe_or_timeout
                0x10001ff0       0x44 CMakeFiles/assign02.dir/home/h4ckrman/pico/pico-sdk/src/common/pico_time/time.c.obj
                0x10001ff0                best_effort_wfe_or_timeout
 .text.update_us_since_boot
                0x10002034       0x24 CMakeFiles/assign02.dir/home/h4ckrman/pico/pico-sdk/src/rp2_common/hardware_timer/timer.c.obj
 .text.hardware_alarm_irq_handler
                0x10002058       0x8c CMakeFiles/assign02.dir/home/h4ckrman/pico/pico-sdk/src/rp2_common/hardware_timer/timer.c.obj
 .text.hardware_alarm_claim
                0x100020e4       0x18 CMakeFiles/assign02.dir/home/h4ckrman/pico/pico-sdk/src/rp2_common/hardware_timer/timer.c.obj
                0x100020e4                hardware_alarm_claim
 .text.time_us_64
                0x100020fc       0x18 CMakeFiles/assign02.dir/home/h4ckrman/pico/pico-sdk/src/rp2_common/hardware_timer/timer.c.obj
                0x100020fc                time_us_64
 .text.busy_wait_until
                0x10002114       0x28 CMakeFiles/assign02.dir/home/h4ckrman/pico/pico-sdk/src/rp2_common/hardware_timer/timer.c.obj
                0x10002114                busy_wait_until
 .text.busy_wait_us
                0x1000213c       0x3a CMakeFiles/assign02.dir/home/h4ckrman/pico/pico-sdk/src/rp2_common/hardware_timer/timer.c.obj
                0x1000213c                busy_wait_us
 *fill*         0x10002176        0x2 
 .text.hardware_alarm_set_callback
                0x10002178       0x90 CMakeFiles/assign02.dir/home/h4ckrman/pico/pico-sdk/src/rp2_common/hardware_timer/timer.c.obj
                0x10002178                hardware_alarm_set_callback
 .text.hardware_alarm_set_target
                0x10002208       0xe8 CMakeFiles/assign02.dir/home/h4ckrman/pico/pico-sdk/src/rp2_common/hardware_timer/timer.c.obj
                0x10002208                hardware_alarm_set_target
 .text.hardware_alarm_cancel
                0x100022f0       0x40 CMakeFiles/assign02.dir/home/h4ckrman/pico/pico-sdk/src/rp2_common/hardware_timer/timer.c.obj
                0x100022f0                hardware_alarm_cancel
 .text.ph_get_node
                0x10002330       0x30 CMakeFiles/assign02.dir/home/h4ckrman/pico/pico-sdk/src/common/pico_util/pheap.c.obj
 .text.ph_add_child_node
                0x10002360       0x6c CMakeFiles/assign02.dir/home/h4ckrman/pico/pico-sdk/src/common/pico_util/pheap.c.obj
 .text.ph_merge_nodes
                0x100023cc       0x3e CMakeFiles/assign02.dir/home/h4ckrman/pico/pico-sdk/src/common/pico_util/pheap.c.obj
 .text.ph_clear
                0x1000240a       0x34 CMakeFiles/assign02.dir/home/h4ckrman/pico/pico-sdk/src/common/pico_util/pheap.c.obj
                0x1000240a                ph_clear
 .text.ph_post_alloc_init
                0x1000243e        0xe CMakeFiles/assign02.dir/home/h4ckrman/pico/pico-sdk/src/common/pico_util/pheap.c.obj
                0x1000243e                ph_post_alloc_init
 .text.ph_merge_two_pass
                0x1000244c       0x5c CMakeFiles/assign02.dir/home/h4ckrman/pico/pico-sdk/src/common/pico_util/pheap.c.obj
                0x1000244c                ph_merge_two_pass
 .text.ph_remove_any_head
                0x100024a8       0xc0 CMakeFiles/assign02.dir/home/h4ckrman/pico/pico-sdk/src/common/pico_util/pheap.c.obj
 .text.ph_remove_head
                0x10002568       0x14 CMakeFiles/assign02.dir/home/h4ckrman/pico/pico-sdk/src/common/pico_util/pheap.c.obj
                0x10002568                ph_remove_head
 .text.ph_remove_and_free_node
                0x1000257c       0xa0 CMakeFiles/assign02.dir/home/h4ckrman/pico/pico-sdk/src/common/pico_util/pheap.c.obj
                0x1000257c                ph_remove_and_free_node
 .text.uart_disable_before_lcr_write
                0x1000261c       0x48 CMakeFiles/assign02.dir/home/h4ckrman/pico/pico-sdk/src/rp2_common/hardware_uart/uart.c.obj
 .text.uart_write_lcr_bits_masked
                0x10002664       0x22 CMakeFiles/assign02.dir/home/h4ckrman/pico/pico-sdk/src/rp2_common/hardware_uart/uart.c.obj
 *fill*         0x10002686        0x2 
 .text.uart_set_baudrate
                0x10002688       0x5c CMakeFiles/assign02.dir/home/h4ckrman/pico/pico-sdk/src/rp2_common/hardware_uart/uart.c.obj
                0x10002688                uart_set_baudrate
 .text.uart_set_format
                0x100026e4       0x2c CMakeFiles/assign02.dir/home/h4ckrman/pico/pico-sdk/src/rp2_common/hardware_uart/uart.c.obj
                0x100026e4                uart_set_format
 .text.uart_set_translate_crlf
                0x10002710       0x28 CMakeFiles/assign02.dir/home/h4ckrman/pico/pico-sdk/src/rp2_common/hardware_uart/uart.c.obj
                0x10002710                uart_set_translate_crlf
 .text.uart_init
                0x10002738       0x80 CMakeFiles/assign02.dir/home/h4ckrman/pico/pico-sdk/src/rp2_common/hardware_uart/uart.c.obj
                0x10002738                uart_init
 .text.clock_configure
                0x100027b8      0x108 CMakeFiles/assign02.dir/home/h4ckrman/pico/pico-sdk/src/rp2_common/hardware_clocks/clocks.c.obj
                0x100027b8                clock_configure
 .text.clocks_init
                0x100028c0      0x100 CMakeFiles/assign02.dir/home/h4ckrman/pico/pico-sdk/src/rp2_common/hardware_clocks/clocks.c.obj
                0x100028c0                clocks_init
 .text.clock_get_hz
                0x100029c0        0xc CMakeFiles/assign02.dir/home/h4ckrman/pico/pico-sdk/src/rp2_common/hardware_clocks/clocks.c.obj
                0x100029c0                clock_get_hz
 .text.pll_init
                0x100029cc      0x120 CMakeFiles/assign02.dir/home/h4ckrman/pico/pico-sdk/src/rp2_common/hardware_pll/pll.c.obj
                0x100029cc                pll_init
 .text.watchdog_start_tick
                0x10002aec       0x10 CMakeFiles/assign02.dir/home/h4ckrman/pico/pico-sdk/src/rp2_common/hardware_watchdog/watchdog.c.obj
                0x10002aec                watchdog_start_tick
 .text.watchdog_update
                0x10002afc       0x14 CMakeFiles/assign02.dir/home/h4ckrman/pico/pico-sdk/src/rp2_common/hardware_watchdog/watchdog.c.obj
                0x10002afc                watchdog_update
 .text._watchdog_enable
                0x10002b10       0x78 CMakeFiles/assign02.dir/home/h4ckrman/pico/pico-sdk/src/rp2_common/hardware_watchdog/watchdog.c.obj
                0x10002b10                _watchdog_enable
 .text.watchdog_enable
                0x10002b88       0x18 CMakeFiles/assign02.dir/home/h4ckrman/pico/pico-sdk/src/rp2_common/hardware_watchdog/watchdog.c.obj
                0x10002b88                watchdog_enable
 .text.xosc_init
                0x10002ba0       0x28 CMakeFiles/assign02.dir/home/h4ckrman/pico/pico-sdk/src/rp2_common/hardware_xosc/xosc.c.obj
                0x10002ba0                xosc_init
 .text._exit    0x10002bc8        0x4 CMakeFiles/assign02.dir/home/h4ckrman/pico/pico-sdk/src/rp2_common/pico_runtime/runtime.c.obj
                0x10002bc8                _exit
 .text.exit     0x10002bcc        0x6 CMakeFiles/assign02.dir/home/h4ckrman/pico/pico-sdk/src/rp2_common/pico_runtime/runtime.c.obj
                0x10002bcc                exit
 *fill*         0x10002bd2        0x2 
 .text.__assert_func
                0x10002bd4       0x38 CMakeFiles/assign02.dir/home/h4ckrman/pico/pico-sdk/src/rp2_common/pico_runtime/runtime.c.obj
                0x10002bd4                __assert_func
 .text.runtime_init
                0x10002c0c       0xf8 CMakeFiles/assign02.dir/home/h4ckrman/pico/pico-sdk/src/rp2_common/pico_runtime/runtime.c.obj
                0x10002c0c                runtime_init
 .text.update_us_since_boot
                0x10002d04       0x24 CMakeFiles/assign02.dir/home/h4ckrman/pico/pico-sdk/src/rp2_common/pico_runtime/runtime.c.obj
 .text.get_absolute_time
                0x10002d28       0x22 CMakeFiles/assign02.dir/home/h4ckrman/pico/pico-sdk/src/rp2_common/pico_runtime/runtime.c.obj
 *fill*         0x10002d4a        0x2 
 .text._gettimeofday
                0x10002d4c       0x48 CMakeFiles/assign02.dir/home/h4ckrman/pico/pico-sdk/src/rp2_common/pico_runtime/runtime.c.obj
                0x10002d4c                _gettimeofday
 .text.panic    0x10002d94       0x30 CMakeFiles/assign02.dir/home/h4ckrman/pico/pico-sdk/src/rp2_common/pico_runtime/runtime.c.obj
                0x10002d94                panic
 .text._out_null
                0x10002dc4        0x2 CMakeFiles/assign02.dir/home/h4ckrman/pico/pico-sdk/src/rp2_common/pico_printf/printf.c.obj
 .text._out_fct
                0x10002dc6        0xe CMakeFiles/assign02.dir/home/h4ckrman/pico/pico-sdk/src/rp2_common/pico_printf/printf.c.obj
 .text._atoi    0x10002dd4       0x24 CMakeFiles/assign02.dir/home/h4ckrman/pico/pico-sdk/src/rp2_common/pico_printf/printf.c.obj
 .text._out_rev
                0x10002df8       0xae CMakeFiles/assign02.dir/home/h4ckrman/pico/pico-sdk/src/rp2_common/pico_printf/printf.c.obj
 .text._ntoa_format
                0x10002ea6      0x110 CMakeFiles/assign02.dir/home/h4ckrman/pico/pico-sdk/src/rp2_common/pico_printf/printf.c.obj
 .text._ntoa_long
                0x10002fb6       0xbc CMakeFiles/assign02.dir/home/h4ckrman/pico/pico-sdk/src/rp2_common/pico_printf/printf.c.obj
 .text._ntoa_long_long
                0x10003072      0x10e CMakeFiles/assign02.dir/home/h4ckrman/pico/pico-sdk/src/rp2_common/pico_printf/printf.c.obj
 .text._etoa    0x10003180      0x420 CMakeFiles/assign02.dir/home/h4ckrman/pico/pico-sdk/src/rp2_common/pico_printf/printf.c.obj
 .text._ftoa    0x100035a0      0x354 CMakeFiles/assign02.dir/home/h4ckrman/pico/pico-sdk/src/rp2_common/pico_printf/printf.c.obj
 .text._vsnprintf
                0x100038f4      0x65c CMakeFiles/assign02.dir/home/h4ckrman/pico/pico-sdk/src/rp2_common/pico_printf/printf.c.obj
 .text.vfctprintf
                0x10003f50       0x20 CMakeFiles/assign02.dir/home/h4ckrman/pico/pico-sdk/src/rp2_common/pico_printf/printf.c.obj
                0x10003f50                vfctprintf
 .text          0x10003f70       0x10 CMakeFiles/assign02.dir/home/h4ckrman/pico/pico-sdk/src/rp2_common/pico_bit_ops/bit_ops_aeabi.S.obj
 .text.rom_func_lookup
                0x10003f80       0x10 CMakeFiles/assign02.dir/home/h4ckrman/pico/pico-sdk/src/rp2_common/pico_bootrom/bootrom.c.obj
                0x10003f80                rom_func_lookup
 .text.rom_data_lookup
                0x10003f90       0x10 CMakeFiles/assign02.dir/home/h4ckrman/pico/pico-sdk/src/rp2_common/pico_bootrom/bootrom.c.obj
                0x10003f90                rom_data_lookup
 .text.rom_funcs_lookup
                0x10003fa0       0x36 CMakeFiles/assign02.dir/home/h4ckrman/pico/pico-sdk/src/rp2_common/pico_bootrom/bootrom.c.obj
                0x10003fa0                rom_funcs_lookup
 *fill*         0x10003fd6        0x2 
 .text.__wrap___aeabi_idiv
                0x10003fd8       0x50 CMakeFiles/assign02.dir/home/h4ckrman/pico/pico-sdk/src/rp2_common/pico_divider/divider.S.obj
                0x10003fd8                __wrap___aeabi_idivmod
                0x10003fd8                divmod_s32s32
                0x10003fd8                div_s32s32
                0x10003fd8                __wrap___aeabi_idiv
                0x10003fe0                divmod_s32s32_unsafe
                0x1000400c                divmod_s32s32_savestate
 .text.__wrap___aeabi_uidiv
                0x10004028       0x4c CMakeFiles/assign02.dir/home/h4ckrman/pico/pico-sdk/src/rp2_common/pico_divider/divider.S.obj
                0x10004028                __wrap___aeabi_uidiv
                0x10004028                __wrap___aeabi_uidivmod
                0x10004028                div_u32u32
                0x10004028                divmod_u32u32
                0x10004030                divmod_u32u32_unsafe
                0x10004058                divmod_u32u32_savestate
 .text.__wrap___aeabi_ldiv
                0x10004074      0x424 CMakeFiles/assign02.dir/home/h4ckrman/pico/pico-sdk/src/rp2_common/pico_divider/divider.S.obj
                0x10004074                div_s64s64
                0x10004074                divmod_s64s64
                0x10004074                __wrap___aeabi_ldivmod
                0x100040a4                div_u64u64
                0x100040a4                divmod_u64u64
                0x100040a4                __wrap___aeabi_uldivmod
                0x100040b4                divmod_u64u64_savestate
                0x100040d4                divmod_s64s64_unsafe
                0x1000415c                divmod_u64u64_unsafe
 .text.__wrap___aeabi_darithmetic
                0x10004498       0x80 CMakeFiles/assign02.dir/home/h4ckrman/pico/pico-sdk/src/rp2_common/pico_double/double_aeabi.S.obj
                0x10004498                __wrap___aeabi_drsub
                0x1000449e                __wrap___aeabi_dsub
                0x100044b0                __wrap___aeabi_dadd
                0x100044c2                __wrap___aeabi_ddiv
                0x100044fe                __wrap___aeabi_dmul
 .text.__wrap___aeabi_cdcmple
                0x10004518       0x6c CMakeFiles/assign02.dir/home/h4ckrman/pico/pico-sdk/src/rp2_common/pico_double/double_aeabi.S.obj
                0x10004518                __wrap___aeabi_cdrcmple
                0x10004528                __wrap___aeabi_cdcmple
                0x10004528                __wrap___aeabi_cdcmpeq
 .text.__wrap___aeabi_dcmplt
                0x10004584        0xc CMakeFiles/assign02.dir/home/h4ckrman/pico/pico-sdk/src/rp2_common/pico_double/double_aeabi.S.obj
                0x10004584                __wrap___aeabi_dcmplt
 .text.__wrap___aeabi_dcmple
                0x10004590       0x10 CMakeFiles/assign02.dir/home/h4ckrman/pico/pico-sdk/src/rp2_common/pico_double/double_aeabi.S.obj
                0x10004590                __wrap___aeabi_dcmple
 .text.__wrap___aeabi_dcmpge
                0x100045a0       0x10 CMakeFiles/assign02.dir/home/h4ckrman/pico/pico-sdk/src/rp2_common/pico_double/double_aeabi.S.obj
                0x100045a0                __wrap___aeabi_dcmpge
 .text.__wrap___aeabi_dcmpgt
                0x100045b0        0xa CMakeFiles/assign02.dir/home/h4ckrman/pico/pico-sdk/src/rp2_common/pico_double/double_aeabi.S.obj
                0x100045b0                __wrap___aeabi_dcmpgt
 .text.__wrap___aeabi_dcmpun
                0x100045ba       0x1c CMakeFiles/assign02.dir/home/h4ckrman/pico/pico-sdk/src/rp2_common/pico_double/double_aeabi.S.obj
                0x100045ba                __wrap___aeabi_dcmpun
 *fill*         0x100045d6        0x2 
 .text.__wrap___aeabi_i2d
                0x100045d8       0x38 CMakeFiles/assign02.dir/home/h4ckrman/pico/pico-sdk/src/rp2_common/pico_double/double_aeabi.S.obj
                0x100045d8                __wrap___aeabi_ui2d
                0x100045e0                __wrap___aeabi_i2d
 .text.__wrap___aeabi_d2iz
                0x10004610       0x48 CMakeFiles/assign02.dir/home/h4ckrman/pico/pico-sdk/src/rp2_common/pico_double/double_aeabi.S.obj
                0x10004610                __wrap___aeabi_d2iz
                0x10004610                double2int_z
 .text.__wrap___aeabi_d2uiz
                0x10004658       0x18 CMakeFiles/assign02.dir/home/h4ckrman/pico/pico-sdk/src/rp2_common/pico_double/double_aeabi.S.obj
                0x10004658                double2uint
                0x10004658                __wrap___aeabi_d2uiz
 .text.__aeabi_double_init
                0x10004670       0xcc CMakeFiles/assign02.dir/home/h4ckrman/pico/pico-sdk/src/rp2_common/pico_double/double_init_rom.c.obj
                0x10004670                __aeabi_double_init
 .text.double_table_shim_on_use_helper
                0x1000473c       0x34 CMakeFiles/assign02.dir/home/h4ckrman/pico/pico-sdk/src/rp2_common/pico_double/double_v1_rom_shim.S.obj
                0x1000473c                double_table_shim_on_use_helper
 .text.__wrap___aeabi_dsub
                0x10004770       0x10 CMakeFiles/assign02.dir/home/h4ckrman/pico/pico-sdk/src/rp2_common/pico_double/double_v1_rom_shim.S.obj
                0x10004770                drsub_shim
                0x10004776                dsub_shim
 .text.dadd_shim
                0x10004780      0x15c CMakeFiles/assign02.dir/home/h4ckrman/pico/pico-sdk/src/rp2_common/pico_double/double_v1_rom_shim.S.obj
                0x10004780                dadd_shim
 .text.dmul_shim
                0x100048dc      0x15c CMakeFiles/assign02.dir/home/h4ckrman/pico/pico-sdk/src/rp2_common/pico_double/double_v1_rom_shim.S.obj
                0x100048dc                dmul_shim
 .text.ddiv_shim
                0x10004a38      0x1b0 CMakeFiles/assign02.dir/home/h4ckrman/pico/pico-sdk/src/rp2_common/pico_double/double_v1_rom_shim.S.obj
                0x10004a38                ddiv_shim
 .text.double2uint_shim
                0x10004be8        0xe CMakeFiles/assign02.dir/home/h4ckrman/pico/pico-sdk/src/rp2_common/pico_double/double_v1_rom_shim.S.obj
                0x10004be8                double2uint_shim
                0x10004bea                double2ufix_shim
 *fill*         0x10004bf6        0x2 
 .text.double2uint64_shim
                0x10004bf8       0x70 CMakeFiles/assign02.dir/home/h4ckrman/pico/pico-sdk/src/rp2_common/pico_double/double_v1_rom_shim.S.obj
                0x10004bf8                double2uint64_shim
                0x10004bfa                double2ufix64_shim
                0x10004c1a                d2fix_a
 .text.dunpacks
                0x10004c68       0x3c CMakeFiles/assign02.dir/home/h4ckrman/pico/pico-sdk/src/rp2_common/pico_double/double_v1_rom_shim.S.obj
                0x10004c68                dunpacks
 .text.__aeabi_lmul
                0x10004ca4       0x32 CMakeFiles/assign02.dir/home/h4ckrman/pico/pico-sdk/src/rp2_common/pico_int64_ops/pico_int64_ops_aeabi.S.obj
                0x10004ca4                __wrap___aeabi_lmul
 *fill*         0x10004cd6        0x2 
 .text.__wrap___aeabi_farithmetic
                0x10004cd8       0x58 CMakeFiles/assign02.dir/home/h4ckrman/pico/pico-sdk/src/rp2_common/pico_float/float_aeabi.S.obj
                0x10004cd8                __wrap___aeabi_frsub
                0x10004cde                __wrap___aeabi_fsub
                0x10004ce8                __wrap___aeabi_fadd
                0x10004cf2                __wrap___aeabi_fdiv
                0x10004d1e                __wrap___aeabi_fmul
 .text.__wrap___aeabi_ui2f
                0x10004d30        0xa CMakeFiles/assign02.dir/home/h4ckrman/pico/pico-sdk/src/rp2_common/pico_float/float_aeabi.S.obj
                0x10004d30                __wrap___aeabi_ui2f
 *fill*         0x10004d3a        0x2 
 .text.__wrap___aeabi_i2f
                0x10004d3c       0x44 CMakeFiles/assign02.dir/home/h4ckrman/pico/pico-sdk/src/rp2_common/pico_float/float_aeabi.S.obj
                0x10004d3c                __wrap___aeabi_i2f
 .text.__wrap___aeabi_f2iz
                0x10004d80       0x4e CMakeFiles/assign02.dir/home/h4ckrman/pico/pico-sdk/src/rp2_common/pico_float/float_aeabi.S.obj
                0x10004d80                __wrap___aeabi_f2iz
                0x10004d80                float2int_z
 *fill*         0x10004dce        0x2 
 .text.float2int
                0x10004dd0       0x14 CMakeFiles/assign02.dir/home/h4ckrman/pico/pico-sdk/src/rp2_common/pico_float/float_aeabi.S.obj
                0x10004dd0                float2int
 .text.__wrap___aeabi_f2uiz
                0x10004de4       0x10 CMakeFiles/assign02.dir/home/h4ckrman/pico/pico-sdk/src/rp2_common/pico_float/float_aeabi.S.obj
                0x10004de4                __wrap___aeabi_f2uiz
 .text.__aeabi_float_init
                0x10004df4       0xfc CMakeFiles/assign02.dir/home/h4ckrman/pico/pico-sdk/src/rp2_common/pico_float/float_init_rom.c.obj
                0x10004df4                __aeabi_float_init
 .text.float_table_shim_on_use_helper
                0x10004ef0       0x34 CMakeFiles/assign02.dir/home/h4ckrman/pico/pico-sdk/src/rp2_common/pico_float/float_v1_rom_shim.S.obj
                0x10004ef0                float_table_shim_on_use_helper
 .text.float232_shims
                0x10004f24       0x18 CMakeFiles/assign02.dir/home/h4ckrman/pico/pico-sdk/src/rp2_common/pico_float/float_v1_rom_shim.S.obj
                0x10004f24                float2int_shim
                0x10004f26                float2fix_shim
 .text          0x10004f3c       0x10 CMakeFiles/assign02.dir/home/h4ckrman/pico/pico-sdk/src/rp2_common/pico_mem_ops/mem_ops_aeabi.S.obj
                0x10004f3c                __aeabi_mem_init
 .text.memset   0x10004f4c        0xc CMakeFiles/assign02.dir/home/h4ckrman/pico/pico-sdk/src/rp2_common/pico_mem_ops/mem_ops_aeabi.S.obj
                0x10004f4c                __wrap_memset
 .text.memcpy   0x10004f58        0xc CMakeFiles/assign02.dir/home/h4ckrman/pico/pico-sdk/src/rp2_common/pico_mem_ops/mem_ops_aeabi.S.obj
                0x10004f58                __wrap___aeabi_memcpy
                0x10004f58                __wrap_memcpy
 .text.stdio_out_chars_no_crlf
                0x10004f64        0xe CMakeFiles/assign02.dir/home/h4ckrman/pico/pico-sdk/src/rp2_common/pico_stdio/stdio.c.obj
 *fill*         0x10004f72        0x2 
 .text.stdio_out_chars_crlf
                0x10004f74       0x80 CMakeFiles/assign02.dir/home/h4ckrman/pico/pico-sdk/src/rp2_common/pico_stdio/stdio.c.obj
 .text.stdio_stack_buffer_flush
                0x10004ff4       0x44 CMakeFiles/assign02.dir/home/h4ckrman/pico/pico-sdk/src/rp2_common/pico_stdio/stdio.c.obj
 .text.stdio_buffered_printer
                0x10005038       0x20 CMakeFiles/assign02.dir/home/h4ckrman/pico/pico-sdk/src/rp2_common/pico_stdio/stdio.c.obj
 .text.update_us_since_boot
                0x10005058       0x24 CMakeFiles/assign02.dir/home/h4ckrman/pico/pico-sdk/src/rp2_common/pico_stdio/stdio.c.obj
 .text.get_absolute_time
                0x1000507c       0x22 CMakeFiles/assign02.dir/home/h4ckrman/pico/pico-sdk/src/rp2_common/pico_stdio/stdio.c.obj
 *fill*         0x1000509e        0x2 
 .text.delayed_by_ms
                0x100050a0       0x44 CMakeFiles/assign02.dir/home/h4ckrman/pico/pico-sdk/src/rp2_common/pico_stdio/stdio.c.obj
 .text.make_timeout_time_ms
                0x100050e4       0x20 CMakeFiles/assign02.dir/home/h4ckrman/pico/pico-sdk/src/rp2_common/pico_stdio/stdio.c.obj
 .text.stdout_serialize_begin
                0x10005104       0x20 CMakeFiles/assign02.dir/home/h4ckrman/pico/pico-sdk/src/rp2_common/pico_stdio/stdio.c.obj
                0x10005104                stdout_serialize_begin
 .text.stdout_serialize_end
                0x10005124       0x10 CMakeFiles/assign02.dir/home/h4ckrman/pico/pico-sdk/src/rp2_common/pico_stdio/stdio.c.obj
                0x10005124                stdout_serialize_end
 .text.stdio_put_string
                0x10005134       0x98 CMakeFiles/assign02.dir/home/h4ckrman/pico/pico-sdk/src/rp2_common/pico_stdio/stdio.c.obj
 .text.__wrap_putchar
                0x100051cc       0x1c CMakeFiles/assign02.dir/home/h4ckrman/pico/pico-sdk/src/rp2_common/pico_stdio/stdio.c.obj
                0x100051cc                __wrap_putchar
 .text.stdio_set_driver_enabled
                0x100051e8       0x2c CMakeFiles/assign02.dir/home/h4ckrman/pico/pico-sdk/src/rp2_common/pico_stdio/stdio.c.obj
                0x100051e8                stdio_set_driver_enabled
 .text.stdio_flush
                0x10005214       0x20 CMakeFiles/assign02.dir/home/h4ckrman/pico/pico-sdk/src/rp2_common/pico_stdio/stdio.c.obj
                0x10005214                stdio_flush
 .text.__wrap_puts
                0x10005234       0x1e CMakeFiles/assign02.dir/home/h4ckrman/pico/pico-sdk/src/rp2_common/pico_stdio/stdio.c.obj
                0x10005234                __wrap_puts
 *fill*         0x10005252        0x2 
 .text.__wrap_vprintf
                0x10005254       0x40 CMakeFiles/assign02.dir/home/h4ckrman/pico/pico-sdk/src/rp2_common/pico_stdio/stdio.c.obj
                0x10005254                __wrap_vprintf
 .text.__wrap_printf
                0x10005294       0x18 CMakeFiles/assign02.dir/home/h4ckrman/pico/pico-sdk/src/rp2_common/pico_stdio/stdio.c.obj
                0x10005294                __wrap_printf
 .text.stdio_init_all
                0x100052ac        0xa CMakeFiles/assign02.dir/home/h4ckrman/pico/pico-sdk/src/rp2_common/pico_stdio/stdio.c.obj
                0x100052ac                stdio_init_all
 *fill*         0x100052b6        0x2 
 .text.uart_putc
                0x100052b8       0x60 CMakeFiles/assign02.dir/home/h4ckrman/pico/pico-sdk/src/rp2_common/pico_stdio_uart/stdio_uart.c.obj
 .text.uart_getc
                0x10005318       0x24 CMakeFiles/assign02.dir/home/h4ckrman/pico/pico-sdk/src/rp2_common/pico_stdio_uart/stdio_uart.c.obj
 .text.stdio_uart_out_chars
                0x1000533c       0x20 CMakeFiles/assign02.dir/home/h4ckrman/pico/pico-sdk/src/rp2_common/pico_stdio_uart/stdio_uart.c.obj
 .text.stdio_uart_in_chars
                0x1000535c       0x5c CMakeFiles/assign02.dir/home/h4ckrman/pico/pico-sdk/src/rp2_common/pico_stdio_uart/stdio_uart.c.obj
                0x1000535c                stdio_uart_in_chars
 .text.on_uart_rx
                0x100053b8       0x28 CMakeFiles/assign02.dir/home/h4ckrman/pico/pico-sdk/src/rp2_common/pico_stdio_uart/stdio_uart.c.obj
 .text.stdio_uart_set_chars_available_callback
                0x100053e0       0x8c CMakeFiles/assign02.dir/home/h4ckrman/pico/pico-sdk/src/rp2_common/pico_stdio_uart/stdio_uart.c.obj
 .text.stdio_uart_init_full
                0x1000546c       0x44 CMakeFiles/assign02.dir/home/h4ckrman/pico/pico-sdk/src/rp2_common/pico_stdio_uart/stdio_uart.c.obj
                0x1000546c                stdio_uart_init_full
 .text.stdio_uart_init
                0x100054b0       0x28 CMakeFiles/assign02.dir/home/h4ckrman/pico/pico-sdk/src/rp2_common/pico_stdio_uart/stdio_uart.c.obj
                0x100054b0                stdio_uart_init
 .text.pio_get_default_sm_config
                0x100054d8       0x28 CMakeFiles/assign02.dir/home/h4ckrman/pico/pico-sdk/src/rp2_common/hardware_pio/pio.c.obj
 .text._pio_can_add_program_at_offset
                0x10005500       0x3c CMakeFiles/assign02.dir/home/h4ckrman/pico/pico-sdk/src/rp2_common/hardware_pio/pio.c.obj
 .text._pio_find_offset_for_program
                0x1000553c       0x7c CMakeFiles/assign02.dir/home/h4ckrman/pico/pico-sdk/src/rp2_common/hardware_pio/pio.c.obj
 .text._pio_add_program_at_offset
                0x100055b8       0x7c CMakeFiles/assign02.dir/home/h4ckrman/pico/pico-sdk/src/rp2_common/hardware_pio/pio.c.obj
 .text.pio_add_program
                0x10005634       0x38 CMakeFiles/assign02.dir/home/h4ckrman/pico/pico-sdk/src/rp2_common/hardware_pio/pio.c.obj
                0x10005634                pio_add_program
 .text.pio_sm_set_consecutive_pindirs
                0x1000566c       0xa4 CMakeFiles/assign02.dir/home/h4ckrman/pico/pico-sdk/src/rp2_common/hardware_pio/pio.c.obj
                0x1000566c                pio_sm_set_consecutive_pindirs
 .text.pio_sm_init
                0x10005710       0xb0 CMakeFiles/assign02.dir/home/h4ckrman/pico/pico-sdk/src/rp2_common/hardware_pio/pio.c.obj
                0x10005710                pio_sm_init
 .text          0x100057c0       0x48 /usr/lib/gcc/arm-none-eabi/12.2.1/../../../arm-none-eabi/lib/thumb/v6-m/nofp/libg.a(lib_a-rand.o)
                0x100057c0                srand
                0x100057d4                rand
 .text          0x10005808       0x5c /usr/lib/gcc/arm-none-eabi/12.2.1/../../../arm-none-eabi/lib/thumb/v6-m/nofp/libg.a(lib_a-strlen-stub.o)
                0x10005808                strlen
 .text          0x10005864       0x34 /usr/lib/gcc/arm-none-eabi/12.2.1/../../../arm-none-eabi/lib/thumb/v6-m/nofp/libg.a(lib_a-time.o)
                0x10005864                time
 .text          0x10005898       0x28 /usr/lib/gcc/arm-none-eabi/12.2.1/../../../arm-none-eabi/lib/thumb/v6-m/nofp/libg.a(lib_a-gettimeofdayr.o)
                0x10005898                _gettimeofday_r
 *(.fini)
 .fini          0x100058c0        0x4 /usr/lib/gcc/arm-none-eabi/12.2.1/thumb/v6-m/nofp/crti.o
                0x100058c0                _fini
 *fill*         0x100058c4        0x4 
 .fini.__stub   0x100058c8       0x40 linker stubs
 *crtbegin.o(.ctors)
 *crtbegin?.o(.ctors)
 *(EXCLUDE_FILE(*crtend.o *crtend?.o) .ctors)
 *(SORT_BY_NAME(.ctors.*))
 *(.ctors)
 *crtbegin.o(.dtors)
 *crtbegin?.o(.dtors)
 *(EXCLUDE_FILE(*crtend.o *crtend?.o) .dtors)
 *(SORT_BY_NAME(.dtors.*))
 *(.dtors)
 *(.eh_frame*)
 .eh_frame      0x10005908        0x0 /usr/lib/gcc/arm-none-eabi/12.2.1/thumb/v6-m/nofp/crtbegin.o
                0x10005908                        . = ALIGN (0x4)

.glue_7         0x10005908        0x0
 .glue_7        0x10005908        0x0 linker stubs

.glue_7t        0x10005908        0x0
 .glue_7t       0x10005908        0x0 linker stubs

.vfp11_veneer   0x10005908        0x0
 .vfp11_veneer  0x10005908        0x0 linker stubs

.v4_bx          0x10005908        0x0
 .v4_bx         0x10005908        0x0 linker stubs

.iplt           0x10005908        0x0
 .iplt          0x10005908        0x0 /usr/lib/gcc/arm-none-eabi/12.2.1/thumb/v6-m/nofp/crtbegin.o

.rodata         0x10005908     0x3d10
 *(EXCLUDE_FILE(*libm.a: *libc.a:*lib_a-mem*.o *libgcc.a:) .rodata*)
 .rodata.upper_edge.str1.4
                0x10005908        0x5 CMakeFiles/assign02.dir/assign02.c.obj
                                 0x1a (size before relaxing)
 .rodata.lower_edge.str1.4
                0x1000590d        0x5 CMakeFiles/assign02.dir/assign02.c.obj
 *fill*         0x1000590d        0x3 
 .rodata.rules.str1.4
                0x10005910      0x18a CMakeFiles/assign02.dir/assign02.c.obj
                                0x19a (size before relaxing)
 *fill*         0x10005a9a        0x2 
 .rodata.menu_screen.str1.4
                0x10005a9c      0x11b CMakeFiles/assign02.dir/assign02.c.obj
 *fill*         0x10005bb7        0x1 
 .rodata.clear_screen.str1.4
                0x10005bb8        0x9 CMakeFiles/assign02.dir/assign02.c.obj
 *fill*         0x10005bc1        0x3 
 .rodata.correct_screen.str1.4
                0x10005bc4      0x52b CMakeFiles/assign02.dir/assign02.c.obj
 *fill*         0x100060ef        0x1 
 .rodata.incorrect_screen.str1.4
                0x100060f0      0x668 CMakeFiles/assign02.dir/assign02.c.obj
 .rodata.welcome_screen.str1.4
                0x10006758      0x6d2 CMakeFiles/assign02.dir/assign02.c.obj
 *fill*         0x10006e2a        0x2 
 .rodata.stats.str1.4
                0x10006e2c       0x99 CMakeFiles/assign02.dir/assign02.c.obj
 *fill*         0x10006ec5        0x3 
 .rodata.end_screen.str1.4
                0x10006ec8      0x422 CMakeFiles/assign02.dir/assign02.c.obj
 *fill*         0x100072ea        0x2 
 .rodata.losing_screen.str1.4
                0x100072ec      0x54a CMakeFiles/assign02.dir/assign02.c.obj
 *fill*         0x10007836        0x2 
 .rodata.level_complete_screen.str1.4
                0x10007838      0xccd CMakeFiles/assign02.dir/assign02.c.obj
 *fill*         0x10008505        0x3 
 .rodata.print_expected.str1.4
                0x10008508      0x11e CMakeFiles/assign02.dir/assign02.c.obj
 *fill*         0x10008626        0x2 
 .rodata.level_init.str1.4
                0x10008628       0x18 CMakeFiles/assign02.dir/assign02.c.obj
 .rodata.state_processor.str1.4
                0x10008640       0xc4 CMakeFiles/assign02.dir/assign02.c.obj
 .rodata.add_dot.str1.4
                0x10008704        0x3 CMakeFiles/assign02.dir/assign02.c.obj
 *fill*         0x10008707        0x1 
 .rodata.end_sequence.str1.4
                0x10008708        0x7 CMakeFiles/assign02.dir/assign02.c.obj
 *fill*         0x1000870f        0x1 
 .rodata.ws2812_program
                0x10008710        0x6 CMakeFiles/assign02.dir/assign02.c.obj
 *fill*         0x10008716        0x2 
 .rodata.ws2812_program_instructions
                0x10008718        0x8 CMakeFiles/assign02.dir/assign02.c.obj
 .rodata.resolve_branch.str1.4
                0x10008720       0x57 CMakeFiles/assign02.dir/home/h4ckrman/pico/pico-sdk/src/rp2_common/hardware_irq/irq.c.obj
 *fill*         0x10008777        0x1 
 .rodata.make_branch.str1.4
                0x10008778       0x30 CMakeFiles/assign02.dir/home/h4ckrman/pico/pico-sdk/src/rp2_common/hardware_irq/irq.c.obj
 .rodata.insert_branch_and_link.str1.4
                0x100087a8       0x10 CMakeFiles/assign02.dir/home/h4ckrman/pico/pico-sdk/src/rp2_common/hardware_irq/irq.c.obj
 .rodata.irq_set_exclusive_handler.str1.4
                0x100087b8       0x36 CMakeFiles/assign02.dir/home/h4ckrman/pico/pico-sdk/src/rp2_common/hardware_irq/irq.c.obj
 *fill*         0x100087ee        0x2 
 .rodata.irq_remove_handler.str1.4
                0x100087f0       0x3a CMakeFiles/assign02.dir/home/h4ckrman/pico/pico-sdk/src/rp2_common/hardware_irq/irq.c.obj
 *fill*         0x1000882a        0x2 
 .rodata.irq_add_tail_to_free_list.str1.4
                0x1000882c       0x3a CMakeFiles/assign02.dir/home/h4ckrman/pico/pico-sdk/src/rp2_common/hardware_irq/irq.c.obj
 *fill*         0x10008866        0x2 
 .rodata.__func__.0
                0x10008868       0x1a CMakeFiles/assign02.dir/home/h4ckrman/pico/pico-sdk/src/rp2_common/hardware_irq/irq.c.obj
 *fill*         0x10008882        0x2 
 .rodata.__func__.1
                0x10008884       0x17 CMakeFiles/assign02.dir/home/h4ckrman/pico/pico-sdk/src/rp2_common/hardware_irq/irq.c.obj
 *fill*         0x1000889b        0x1 
 .rodata.__func__.2
                0x1000889c       0x13 CMakeFiles/assign02.dir/home/h4ckrman/pico/pico-sdk/src/rp2_common/hardware_irq/irq.c.obj
 *fill*         0x100088af        0x1 
 .rodata.__func__.3
                0x100088b0        0xc CMakeFiles/assign02.dir/home/h4ckrman/pico/pico-sdk/src/rp2_common/hardware_irq/irq.c.obj
 .rodata.__func__.4
                0x100088bc        0xf CMakeFiles/assign02.dir/home/h4ckrman/pico/pico-sdk/src/rp2_common/hardware_irq/irq.c.obj
 *fill*         0x100088cb        0x1 
 .rodata.__func__.6
                0x100088cc       0x1a CMakeFiles/assign02.dir/home/h4ckrman/pico/pico-sdk/src/rp2_common/hardware_irq/irq.c.obj
 *fill*         0x100088e6        0x2 
 .rodata.str1.4
                0x100088e8       0x8d CMakeFiles/assign02.dir/home/h4ckrman/pico/pico-sdk/src/common/pico_sync/mutex.c.obj
 *fill*         0x10008975        0x3 
 .rodata.__func__.1
                0x10008978        0xb CMakeFiles/assign02.dir/home/h4ckrman/pico/pico-sdk/src/common/pico_sync/mutex.c.obj
 *fill*         0x10008983        0x1 
 .rodata.__func__.3
                0x10008984       0x18 CMakeFiles/assign02.dir/home/h4ckrman/pico/pico-sdk/src/common/pico_sync/mutex.c.obj
 .rodata.get_entry.str1.4
                0x1000899c       0x5d CMakeFiles/assign02.dir/home/h4ckrman/pico/pico-sdk/src/common/pico_time/time.c.obj
 *fill*         0x100089f9        0x3 
 .rodata.update_us_since_boot.str1.4
                0x100089fc       0x63 CMakeFiles/assign02.dir/home/h4ckrman/pico/pico-sdk/src/common/pico_time/time.c.obj
 *fill*         0x10008a5f        0x1 
 .rodata.ph_get_node.str1.4
                0x10008a60       0x68 CMakeFiles/assign02.dir/home/h4ckrman/pico/pico-sdk/src/common/pico_time/time.c.obj
 .rodata.ph_add_child_node.str1.4
                0x10008ac8       0x2e CMakeFiles/assign02.dir/home/h4ckrman/pico/pico-sdk/src/common/pico_time/time.c.obj
 *fill*         0x10008af6        0x2 
 .rodata.ph_insert_node.str1.4
                0x10008af8        0x3 CMakeFiles/assign02.dir/home/h4ckrman/pico/pico-sdk/src/common/pico_time/time.c.obj
 *fill*         0x10008afb        0x1 
 .rodata.ph_free_node.str1.4
                0x10008afc       0x38 CMakeFiles/assign02.dir/home/h4ckrman/pico/pico-sdk/src/common/pico_time/time.c.obj
 .rodata.add_alarm_under_lock.str1.4
                0x10008b34       0x28 CMakeFiles/assign02.dir/home/h4ckrman/pico/pico-sdk/src/common/pico_time/time.c.obj
 .rodata.alarm_pool_alarm_callback.str1.4
                0x10008b5c       0x60 CMakeFiles/assign02.dir/home/h4ckrman/pico/pico-sdk/src/common/pico_time/time.c.obj
 .rodata.alarm_pool_get_default.str1.4
                0x10008bbc       0x21 CMakeFiles/assign02.dir/home/h4ckrman/pico/pico-sdk/src/common/pico_time/time.c.obj
 *fill*         0x10008bdd        0x3 
 .rodata.alarm_pool_cancel_alarm.str1.4
                0x10008be0       0x27 CMakeFiles/assign02.dir/home/h4ckrman/pico/pico-sdk/src/common/pico_time/time.c.obj
 *fill*         0x10008c07        0x1 
 .rodata.__func__.1
                0x10008c08       0x18 CMakeFiles/assign02.dir/home/h4ckrman/pico/pico-sdk/src/common/pico_time/time.c.obj
 .rodata.__func__.3
                0x10008c20       0x17 CMakeFiles/assign02.dir/home/h4ckrman/pico/pico-sdk/src/common/pico_time/time.c.obj
 *fill*         0x10008c37        0x1 
 .rodata.__func__.4
                0x10008c38       0x12 CMakeFiles/assign02.dir/home/h4ckrman/pico/pico-sdk/src/common/pico_time/time.c.obj
 *fill*         0x10008c4a        0x2 
 .rodata.__func__.5
                0x10008c4c        0xd CMakeFiles/assign02.dir/home/h4ckrman/pico/pico-sdk/src/common/pico_time/time.c.obj
 *fill*         0x10008c59        0x3 
 .rodata.__func__.6
                0x10008c5c       0x12 CMakeFiles/assign02.dir/home/h4ckrman/pico/pico-sdk/src/common/pico_time/time.c.obj
 *fill*         0x10008c6e        0x2 
 .rodata.__func__.7
                0x10008c70        0xf CMakeFiles/assign02.dir/home/h4ckrman/pico/pico-sdk/src/common/pico_time/time.c.obj
 *fill*         0x10008c7f        0x1 
 .rodata.__func__.8
                0x10008c80        0xc CMakeFiles/assign02.dir/home/h4ckrman/pico/pico-sdk/src/common/pico_time/time.c.obj
 .rodata.__func__.9
                0x10008c8c       0x15 CMakeFiles/assign02.dir/home/h4ckrman/pico/pico-sdk/src/common/pico_time/time.c.obj
 *fill*         0x10008ca1        0x3 
 .rodata.__func__.10
                0x10008ca4       0x15 CMakeFiles/assign02.dir/home/h4ckrman/pico/pico-sdk/src/common/pico_time/time.c.obj
 *fill*         0x10008cb9        0x3 
 .rodata.__func__.11
                0x10008cbc       0x1a CMakeFiles/assign02.dir/home/h4ckrman/pico/pico-sdk/src/common/pico_time/time.c.obj
 *fill*         0x10008cd6        0x2 
 .rodata.__func__.12
                0x10008cd8        0xa CMakeFiles/assign02.dir/home/h4ckrman/pico/pico-sdk/src/common/pico_time/time.c.obj
 .rodata.update_us_since_boot.str1.4
                0x10008ce2       0x63 CMakeFiles/assign02.dir/home/h4ckrman/pico/pico-sdk/src/rp2_common/hardware_timer/timer.c.obj
 *fill*         0x10008ce2        0x2 
 .rodata.hardware_alarm_claim.str1.4
                0x10008ce4       0x22 CMakeFiles/assign02.dir/home/h4ckrman/pico/pico-sdk/src/rp2_common/hardware_timer/timer.c.obj
 *fill*         0x10008d06        0x2 
 .rodata.hardware_alarm_set_target.str1.4
                0x10008d08       0x67 CMakeFiles/assign02.dir/home/h4ckrman/pico/pico-sdk/src/rp2_common/hardware_timer/timer.c.obj
 *fill*         0x10008d6f        0x1 
 .rodata.__func__.0
                0x10008d70       0x1a CMakeFiles/assign02.dir/home/h4ckrman/pico/pico-sdk/src/rp2_common/hardware_timer/timer.c.obj
 *fill*         0x10008d8a        0x2 
 .rodata.__func__.1
                0x10008d8c       0x15 CMakeFiles/assign02.dir/home/h4ckrman/pico/pico-sdk/src/rp2_common/hardware_timer/timer.c.obj
 .rodata.ph_get_node.str1.4
                0x10008da1       0x68 CMakeFiles/assign02.dir/home/h4ckrman/pico/pico-sdk/src/common/pico_util/pheap.c.obj
 .rodata.ph_add_child_node.str1.4
                0x10008da1       0x2e CMakeFiles/assign02.dir/home/h4ckrman/pico/pico-sdk/src/common/pico_util/pheap.c.obj
 *fill*         0x10008da1        0x3 
 .rodata.ph_remove_any_head.str1.4
                0x10008da4       0x90 CMakeFiles/assign02.dir/home/h4ckrman/pico/pico-sdk/src/common/pico_util/pheap.c.obj
                                 0xa4 (size before relaxing)
 .rodata.ph_remove_and_free_node.str1.4
                0x10008e34       0x1e CMakeFiles/assign02.dir/home/h4ckrman/pico/pico-sdk/src/common/pico_util/pheap.c.obj
                                 0x26 (size before relaxing)
 *fill*         0x10008e52        0x2 
 .rodata.__func__.0
                0x10008e54       0x18 CMakeFiles/assign02.dir/home/h4ckrman/pico/pico-sdk/src/common/pico_util/pheap.c.obj
 .rodata.__func__.1
                0x10008e6c       0x13 CMakeFiles/assign02.dir/home/h4ckrman/pico/pico-sdk/src/common/pico_util/pheap.c.obj
 *fill*         0x10008e7f        0x1 
 .rodata.__func__.2
                0x10008e80       0x12 CMakeFiles/assign02.dir/home/h4ckrman/pico/pico-sdk/src/common/pico_util/pheap.c.obj
 *fill*         0x10008e92        0x2 
 .rodata.__func__.3
                0x10008e94        0xc CMakeFiles/assign02.dir/home/h4ckrman/pico/pico-sdk/src/common/pico_util/pheap.c.obj
 .rodata.clock_configure.str1.4
                0x10008ea0       0x59 CMakeFiles/assign02.dir/home/h4ckrman/pico/pico-sdk/src/rp2_common/hardware_clocks/clocks.c.obj
 *fill*         0x10008ef9        0x3 
 .rodata.__func__.1
                0x10008efc       0x10 CMakeFiles/assign02.dir/home/h4ckrman/pico/pico-sdk/src/rp2_common/hardware_clocks/clocks.c.obj
 .rodata.pll_init.str1.4
                0x10008f0c      0x124 CMakeFiles/assign02.dir/home/h4ckrman/pico/pico-sdk/src/rp2_common/hardware_pll/pll.c.obj
 .rodata.__func__.0
                0x10009030        0x9 CMakeFiles/assign02.dir/home/h4ckrman/pico/pico-sdk/src/rp2_common/hardware_pll/pll.c.obj
 *fill*         0x10009039        0x3 
 .rodata.__assert_func.str1.4
                0x1000903c       0x3f CMakeFiles/assign02.dir/home/h4ckrman/pico/pico-sdk/src/rp2_common/pico_runtime/runtime.c.obj
                                 0x43 (size before relaxing)
 *fill*         0x1000907b        0x1 
 .rodata.runtime_init.str1.4
                0x1000907c       0x63 CMakeFiles/assign02.dir/home/h4ckrman/pico/pico-sdk/src/rp2_common/pico_runtime/runtime.c.obj
 .rodata.update_us_since_boot.str1.4
                0x100090df       0x63 CMakeFiles/assign02.dir/home/h4ckrman/pico/pico-sdk/src/rp2_common/pico_runtime/runtime.c.obj
 *fill*         0x100090df        0x1 
 .rodata.panic.str1.4
                0x100090e0       0x10 CMakeFiles/assign02.dir/home/h4ckrman/pico/pico-sdk/src/rp2_common/pico_runtime/runtime.c.obj
                                 0x12 (size before relaxing)
 .rodata.__func__.0
                0x100090f0       0x15 CMakeFiles/assign02.dir/home/h4ckrman/pico/pico-sdk/src/rp2_common/pico_runtime/runtime.c.obj
 *fill*         0x10009105        0x3 
 .rodata.__func__.2
                0x10009108        0xd CMakeFiles/assign02.dir/home/h4ckrman/pico/pico-sdk/src/rp2_common/pico_runtime/runtime.c.obj
 *fill*         0x10009115        0x3 
 .rodata._ftoa.str1.4
                0x10009118       0x15 CMakeFiles/assign02.dir/home/h4ckrman/pico/pico-sdk/src/rp2_common/pico_printf/printf.c.obj
 *fill*         0x1000912d        0x3 
 .rodata._vsnprintf
                0x10009130      0x19c CMakeFiles/assign02.dir/home/h4ckrman/pico/pico-sdk/src/rp2_common/pico_printf/printf.c.obj
 *fill*         0x100092cc        0x4 
 .rodata.pow10.0
                0x100092d0       0x50 CMakeFiles/assign02.dir/home/h4ckrman/pico/pico-sdk/src/rp2_common/pico_printf/printf.c.obj
 .rodata.__aeabi_double_init.str1.4
                0x10009320       0x9e CMakeFiles/assign02.dir/home/h4ckrman/pico/pico-sdk/src/rp2_common/pico_double/double_init_rom.c.obj
 *fill*         0x100093be        0x2 
 .rodata.__func__.0
                0x100093c0       0x14 CMakeFiles/assign02.dir/home/h4ckrman/pico/pico-sdk/src/rp2_common/pico_double/double_init_rom.c.obj
 .rodata.__aeabi_float_init.str1.4
                0x100093d4       0x7c CMakeFiles/assign02.dir/home/h4ckrman/pico/pico-sdk/src/rp2_common/pico_float/float_init_rom.c.obj
                                 0x80 (size before relaxing)
 .rodata.__func__.0
                0x10009450       0x13 CMakeFiles/assign02.dir/home/h4ckrman/pico/pico-sdk/src/rp2_common/pico_float/float_init_rom.c.obj
 *fill*         0x10009463        0x1 
 .rodata.str1.4
                0x10009464       0x88 CMakeFiles/assign02.dir/home/h4ckrman/pico/pico-sdk/src/rp2_common/pico_standard_link/binary_info.c.obj
 .rodata.__bi_81
                0x100094ec        0xc CMakeFiles/assign02.dir/home/h4ckrman/pico/pico-sdk/src/rp2_common/pico_standard_link/binary_info.c.obj
 .rodata.__bi_75
                0x100094f8        0xc CMakeFiles/assign02.dir/home/h4ckrman/pico/pico-sdk/src/rp2_common/pico_standard_link/binary_info.c.obj
 .rodata.__bi_69
                0x10009504        0xc CMakeFiles/assign02.dir/home/h4ckrman/pico/pico-sdk/src/rp2_common/pico_standard_link/binary_info.c.obj
 .rodata.__bi_44
                0x10009510        0xc CMakeFiles/assign02.dir/home/h4ckrman/pico/pico-sdk/src/rp2_common/pico_standard_link/binary_info.c.obj
 .rodata.update_us_since_boot.str1.4
                0x1000951c       0x63 CMakeFiles/assign02.dir/home/h4ckrman/pico/pico-sdk/src/rp2_common/pico_stdio/stdio.c.obj
 .rodata.crlf_str.2
                0x1000951c        0x2 CMakeFiles/assign02.dir/home/h4ckrman/pico/pico-sdk/src/rp2_common/pico_stdio/stdio.c.obj
 *fill*         0x1000951e        0x2 
 .rodata.__func__.3
                0x10009520       0x15 CMakeFiles/assign02.dir/home/h4ckrman/pico/pico-sdk/src/rp2_common/pico_stdio/stdio.c.obj
 *fill*         0x10009535        0x3 
 .rodata.str1.4
                0x10009538       0x2c CMakeFiles/assign02.dir/home/h4ckrman/pico/pico-sdk/src/rp2_common/pico_stdio_uart/stdio_uart.c.obj
 .rodata.__bi_33.4
                0x10009564        0xc CMakeFiles/assign02.dir/home/h4ckrman/pico/pico-sdk/src/rp2_common/pico_stdio_uart/stdio_uart.c.obj
 .rodata.__bi_34.5
                0x10009570        0x8 CMakeFiles/assign02.dir/home/h4ckrman/pico/pico-sdk/src/rp2_common/pico_stdio_uart/stdio_uart.c.obj
 .rodata._pio_find_offset_for_program.str1.4
                0x10009578       0x6b CMakeFiles/assign02.dir/home/h4ckrman/pico/pico-sdk/src/rp2_common/hardware_pio/pio.c.obj
 *fill*         0x100095e3        0x1 
 .rodata._pio_add_program_at_offset.str1.4
                0x100095e4       0x11 CMakeFiles/assign02.dir/home/h4ckrman/pico/pico-sdk/src/rp2_common/hardware_pio/pio.c.obj
 *fill*         0x100095f5        0x3 
 .rodata.__func__.1
                0x100095f8       0x1d CMakeFiles/assign02.dir/home/h4ckrman/pico/pico-sdk/src/rp2_common/hardware_pio/pio.c.obj
                0x10009618                        . = ALIGN (0x4)
 *fill*         0x10009615        0x3 
 *(SORT_BY_ALIGNMENT(SORT_BY_NAME(.flashdata*)))
                0x10009618                        . = ALIGN (0x4)

.ARM.extab
 *(.ARM.extab* .gnu.linkonce.armextab.*)
                0x10009618                        __exidx_start = .

.ARM.exidx
 *(.ARM.exidx* .gnu.linkonce.armexidx.*)
                0x10009618                        __exidx_end = .
                0x10009618                        . = ALIGN (0x4)
                0x10009618                        __binary_info_start = .

.binary_info    0x10009618       0x28
 *(.binary_info.keep.*)
 .binary_info.keep.__bi_ptr81
                0x10009618        0x4 CMakeFiles/assign02.dir/home/h4ckrman/pico/pico-sdk/src/rp2_common/pico_standard_link/binary_info.c.obj
 .binary_info.keep.__bi_ptr75
                0x1000961c        0x4 CMakeFiles/assign02.dir/home/h4ckrman/pico/pico-sdk/src/rp2_common/pico_standard_link/binary_info.c.obj
 .binary_info.keep.__bi_ptr69
                0x10009620        0x4 CMakeFiles/assign02.dir/home/h4ckrman/pico/pico-sdk/src/rp2_common/pico_standard_link/binary_info.c.obj
 .binary_info.keep.__bi_ptr50
                0x10009624        0x4 CMakeFiles/assign02.dir/home/h4ckrman/pico/pico-sdk/src/rp2_common/pico_standard_link/binary_info.c.obj
 .binary_info.keep.__bi_ptr44
                0x10009628        0x4 CMakeFiles/assign02.dir/home/h4ckrman/pico/pico-sdk/src/rp2_common/pico_standard_link/binary_info.c.obj
 .binary_info.keep.__bi_ptr38
                0x1000962c        0x4 CMakeFiles/assign02.dir/home/h4ckrman/pico/pico-sdk/src/rp2_common/pico_standard_link/binary_info.c.obj
 .binary_info.keep.__bi_ptr30
                0x10009630        0x4 CMakeFiles/assign02.dir/home/h4ckrman/pico/pico-sdk/src/rp2_common/pico_standard_link/binary_info.c.obj
 .binary_info.keep.__bi_ptr22
                0x10009634        0x4 CMakeFiles/assign02.dir/home/h4ckrman/pico/pico-sdk/src/rp2_common/pico_standard_link/binary_info.c.obj
 *(.binary_info.*)
 .binary_info.__bi_ptr34
                0x10009638        0x4 CMakeFiles/assign02.dir/home/h4ckrman/pico/pico-sdk/src/rp2_common/pico_stdio_uart/stdio_uart.c.obj
 .binary_info.__bi_ptr33
                0x1000963c        0x4 CMakeFiles/assign02.dir/home/h4ckrman/pico/pico-sdk/src/rp2_common/pico_stdio_uart/stdio_uart.c.obj
                0x10009640                        __binary_info_end = .

.rel.dyn        0x10009640        0x0
 .rel.iplt      0x10009640        0x0 /usr/lib/gcc/arm-none-eabi/12.2.1/thumb/v6-m/nofp/crtbegin.o
                0x10009640                        . = ALIGN (0x4)

.ram_vector_table
                0x20000000       0xc0
 *(.ram_vector_table)
 .ram_vector_table
                0x20000000       0xc0 CMakeFiles/assign02.dir/home/h4ckrman/pico/pico-sdk/src/rp2_common/pico_runtime/runtime.c.obj
                0x20000000                ram_vector_table

.data           0x200000c0     0x4474 load address 0x10009640
                0x200000c0                        __data_start__ = .
 *(vtable)
 *(.time_critical*)
 .time_critical.mutex_try_enter
                0x200000c0       0x46 CMakeFiles/assign02.dir/home/h4ckrman/pico/pico-sdk/src/common/pico_sync/mutex.c.obj
                0x200000c0                mutex_try_enter
 *fill*         0x20000106        0x2 
 .time_critical.mutex_enter_block_until
                0x20000108       0x8c CMakeFiles/assign02.dir/home/h4ckrman/pico/pico-sdk/src/common/pico_sync/mutex.c.obj
                0x20000108                mutex_enter_block_until
 .time_critical.mutex_try_enter_block_until
                0x20000194       0x34 CMakeFiles/assign02.dir/home/h4ckrman/pico/pico-sdk/src/common/pico_sync/mutex.c.obj
                0x20000194                mutex_try_enter_block_until
 .time_critical.mutex_exit
                0x200001c8       0x4c CMakeFiles/assign02.dir/home/h4ckrman/pico/pico-sdk/src/common/pico_sync/mutex.c.obj
                0x200001c8                mutex_exit
 *(.text*)
 .text          0x20000214        0x4 /usr/lib/gcc/arm-none-eabi/12.2.1/thumb/v6-m/nofp/libgcc.a(_dvmd_tls.o)
                0x20000214                __aeabi_ldiv0
                0x20000214                __aeabi_idiv0
 .text.__stub   0x20000218       0x20 linker stubs
                0x20000238                        . = ALIGN (0x4)
 *(.rodata*)
                0x20000238                        . = ALIGN (0x4)
 *(.data*)
 .data.morse    0x20000238     0x2ee0 CMakeFiles/assign02.dir/assign02.c.obj
                0x20000238                morse
 .data.words    0x20003118      0xe10 CMakeFiles/assign02.dir/assign02.c.obj
                0x20003118                words
 .data.lives    0x20003f28        0x4 CMakeFiles/assign02.dir/assign02.c.obj
                0x20003f28                lives
 .data.morse_table
                0x20003f2c       0xd8 CMakeFiles/assign02.dir/assign02.c.obj
                0x20003f2c                morse_table
 .data.char_array
                0x20004004       0x24 CMakeFiles/assign02.dir/assign02.c.obj
                0x20004004                char_array
 *fill*         0x20004028        0x8 
 .data          0x20004030        0x4 CMakeFiles/assign02.dir/assign02.S.obj
 .data.striped_spin_lock_num
                0x20004034        0x1 CMakeFiles/assign02.dir/home/h4ckrman/pico/pico-sdk/src/rp2_common/hardware_sync/sync.c.obj
 *fill*         0x20004035        0x3 
 .data          0x20004038       0x48 CMakeFiles/assign02.dir/home/h4ckrman/pico/pico-sdk/src/rp2_common/hardware_irq/irq_handler_chain.S.obj
                0x20004038                irq_handler_chain_slots
                0x20004068                irq_handler_chain_first_slot
                0x20004072                irq_handler_chain_remove_tail
 .data.default_alarm_pool
                0x20004080       0x18 CMakeFiles/assign02.dir/home/h4ckrman/pico/pico-sdk/src/common/pico_time/time.c.obj
 .data.default_alarm_pool_heap
                0x20004098       0x10 CMakeFiles/assign02.dir/home/h4ckrman/pico/pico-sdk/src/common/pico_time/time.c.obj
 *fill*         0x200040a8        0x8 
 .data.aeabi_bits_funcs
                0x200040b0       0x10 CMakeFiles/assign02.dir/home/h4ckrman/pico/pico-sdk/src/rp2_common/pico_bit_ops/bit_ops_aeabi.S.obj
                0x200040b0                aeabi_bits_funcs
                0x200040c0                aeabi_bits_funcs_end
 .data.aeabi_mem_funcs
                0x200040c0       0x10 CMakeFiles/assign02.dir/home/h4ckrman/pico/pico-sdk/src/rp2_common/pico_mem_ops/mem_ops_aeabi.S.obj
                0x200040c0                aeabi_mem_funcs
                0x200040d0                aeabi_mem_funcs_end
 .data.stdio_uart
                0x200040d0       0x18 CMakeFiles/assign02.dir/home/h4ckrman/pico/pico-sdk/src/rp2_common/pico_stdio_uart/stdio_uart.c.obj
                0x200040d0                stdio_uart
 .data          0x200040e8      0x430 /usr/lib/gcc/arm-none-eabi/12.2.1/../../../arm-none-eabi/lib/thumb/v6-m/nofp/libg.a(lib_a-impure.o)
                0x200040e8                _impure_ptr
                0x20004518                        . = ALIGN (0x4)
 *(.after_data.*)
                0x20004518                        . = ALIGN (0x4)
                0x20004518                        PROVIDE (__mutex_array_start = .)
 *(SORT_BY_NAME(.mutex_array.*))
 *(.mutex_array)
 .mutex_array   0x20004518        0x8 CMakeFiles/assign02.dir/home/h4ckrman/pico/pico-sdk/src/rp2_common/pico_stdio/stdio.c.obj
                0x20004520                        PROVIDE (__mutex_array_end = .)
                0x20004520                        . = ALIGN (0x4)
                0x20004520                        PROVIDE (__preinit_array_start = .)
 *(SORT_BY_NAME(.preinit_array.*))
 .preinit_array.00001
                0x20004520        0x4 CMakeFiles/assign02.dir/home/h4ckrman/pico/pico-sdk/src/rp2_common/pico_mem_ops/mem_ops_aeabi.S.obj
 .preinit_array.00010
                0x20004524        0x4 CMakeFiles/assign02.dir/home/h4ckrman/pico/pico-sdk/src/rp2_common/pico_bit_ops/bit_ops_aeabi.S.obj
 .preinit_array.00020
                0x20004528        0x4 CMakeFiles/assign02.dir/home/h4ckrman/pico/pico-sdk/src/rp2_common/pico_double/double_aeabi.S.obj
 .preinit_array.00020
                0x2000452c        0x4 CMakeFiles/assign02.dir/home/h4ckrman/pico/pico-sdk/src/rp2_common/pico_float/float_aeabi.S.obj
 *(.preinit_array)
                0x20004530                        PROVIDE (__preinit_array_end = .)
                0x20004530                        . = ALIGN (0x4)
                0x20004530                        PROVIDE (__init_array_start = .)
 *(SORT_BY_NAME(.init_array.*))
 *(.init_array)
 .init_array    0x20004530        0x4 /usr/lib/gcc/arm-none-eabi/12.2.1/thumb/v6-m/nofp/crtbegin.o
                0x20004534                        PROVIDE (__init_array_end = .)
                0x20004534                        . = ALIGN (0x4)
                0x20004534                        PROVIDE (__fini_array_start = .)
 *(SORT_BY_NAME(.fini_array.*))
 *(.fini_array)
                0x20004534                        PROVIDE (__fini_array_end = .)
 *(.jcr)
                0x20004534                        . = ALIGN (0x4)
                0x20004534                        __data_end__ = .
                0x10009640                        __etext = LOADADDR (.data)

.tm_clone_table
                0x20004534        0x0 load address 0x1000dab4
 .tm_clone_table
                0x20004534        0x0 /usr/lib/gcc/arm-none-eabi/12.2.1/thumb/v6-m/nofp/crtbegin.o
 .tm_clone_table
                0x20004534        0x0 /usr/lib/gcc/arm-none-eabi/12.2.1/thumb/v6-m/nofp/crtend.o

.igot.plt       0x20004534        0x0 load address 0x1000dab4
 .igot.plt      0x20004534        0x0 /usr/lib/gcc/arm-none-eabi/12.2.1/thumb/v6-m/nofp/crtbegin.o

.uninitialized_data
                0x20004534        0x0 load address 0x1000dab4
                0x20004534                        . = ALIGN (0x4)
 *(.uninitialized_data*)

.scratch_x      0x20040000        0x0 load address 0x1000dab4
                0x20040000                        __scratch_x_start__ = .
 *(.scratch_x.*)
                0x20040000                        . = ALIGN (0x4)
                0x20040000                        __scratch_x_end__ = .
                0x1000dab4                        __scratch_x_source__ = LOADADDR (.scratch_x)

.scratch_y      0x20041000        0x0 load address 0x1000dab4
                0x20041000                        __scratch_y_start__ = .
 *(.scratch_y.*)
                0x20041000                        . = ALIGN (0x4)
                0x20041000                        __scratch_y_end__ = .
                0x1000dab4                        __scratch_y_source__ = LOADADDR (.scratch_y)

.bss            0x20004538      0x500
                0x20004538                        . = ALIGN (0x4)
                0x20004538                        __bss_start__ = .
 *(SORT_BY_ALIGNMENT(SORT_BY_NAME(.bss*)))
 .bss.default_alarm_pool_entries
                0x20004538      0x100 CMakeFiles/assign02.dir/home/h4ckrman/pico/pico-sdk/src/common/pico_time/time.c.obj
 .bss.epoch_time_us_since_boot
                0x20004638        0x8 CMakeFiles/assign02.dir/home/h4ckrman/pico/pico-sdk/src/rp2_common/pico_runtime/runtime.c.obj
 .bss           0x20004640       0x1c /usr/lib/gcc/arm-none-eabi/12.2.1/thumb/v6-m/nofp/crtbegin.o
 .bss           0x2000465c        0x4 /usr/lib/gcc/arm-none-eabi/12.2.1/../../../arm-none-eabi/lib/thumb/v6-m/nofp/libg.a(lib_a-reent.o)
                0x2000465c                errno
 .bss._used_instruction_space
                0x20004660        0x8 CMakeFiles/assign02.dir/home/h4ckrman/pico/pico-sdk/src/rp2_common/hardware_pio/pio.c.obj
 .bss.alarm_callbacks
                0x20004668       0x10 CMakeFiles/assign02.dir/home/h4ckrman/pico/pico-sdk/src/rp2_common/hardware_timer/timer.c.obj
 .bss.attempts  0x20004678        0x4 CMakeFiles/assign02.dir/assign02.c.obj
                0x20004678                attempts
 .bss.chars_available_callback
                0x2000467c        0x4 CMakeFiles/assign02.dir/home/h4ckrman/pico/pico-sdk/src/rp2_common/pico_stdio_uart/stdio_uart.c.obj
 .bss.chars_available_param
                0x20004680        0x4 CMakeFiles/assign02.dir/home/h4ckrman/pico/pico-sdk/src/rp2_common/pico_stdio_uart/stdio_uart.c.obj
 .bss.configured_freq
                0x20004684       0x28 CMakeFiles/assign02.dir/home/h4ckrman/pico/pico-sdk/src/rp2_common/hardware_clocks/clocks.c.obj
 .bss.correct   0x200046ac        0x4 CMakeFiles/assign02.dir/assign02.c.obj
                0x200046ac                correct
 .bss.default_alarm_pool_entry_ids_high
                0x200046b0       0x10 CMakeFiles/assign02.dir/home/h4ckrman/pico/pico-sdk/src/common/pico_time/time.c.obj
 .bss.default_alarm_pool_heap_nodes
                0x200046c0       0x30 CMakeFiles/assign02.dir/home/h4ckrman/pico/pico-sdk/src/common/pico_time/time.c.obj
 .bss.drivers   0x200046f0        0x4 CMakeFiles/assign02.dir/home/h4ckrman/pico/pico-sdk/src/rp2_common/pico_stdio/stdio.c.obj
 .bss.filter    0x200046f4        0x4 CMakeFiles/assign02.dir/home/h4ckrman/pico/pico-sdk/src/rp2_common/pico_stdio/stdio.c.obj
 .bss.incorrect
                0x200046f8        0x4 CMakeFiles/assign02.dir/assign02.c.obj
                0x200046f8                incorrect
 .bss.input     0x200046fc       0xc8 CMakeFiles/assign02.dir/assign02.c.obj
                0x200046fc                input
 .bss.input_index
                0x200047c4        0x4 CMakeFiles/assign02.dir/assign02.c.obj
                0x200047c4                input_index
 .bss.level     0x200047c8        0x4 CMakeFiles/assign02.dir/assign02.c.obj
                0x200047c8                level
 .bss.levelsCompleted
                0x200047cc       0x10 CMakeFiles/assign02.dir/assign02.c.obj
                0x200047cc                levelsCompleted
 .bss.load_value
                0x200047dc        0x4 CMakeFiles/assign02.dir/home/h4ckrman/pico/pico-sdk/src/rp2_common/hardware_watchdog/watchdog.c.obj
 .bss.mode      0x200047e0        0x4 CMakeFiles/assign02.dir/assign02.c.obj
                0x200047e0                mode
 .bss.morse_index
                0x200047e4        0x4 CMakeFiles/assign02.dir/assign02.c.obj
                0x200047e4                morse_index
 .bss.morse_input
                0x200047e8       0x14 CMakeFiles/assign02.dir/assign02.c.obj
                0x200047e8                morse_input
 .bss.pools     0x200047fc       0x10 CMakeFiles/assign02.dir/home/h4ckrman/pico/pico-sdk/src/common/pico_time/time.c.obj
 .bss.rand_num  0x2000480c        0x4 CMakeFiles/assign02.dir/assign02.c.obj
                0x2000480c                rand_num
 .bss.right_input
                0x20004810        0x4 CMakeFiles/assign02.dir/assign02.c.obj
                0x20004810                right_input
 .bss.sd_table  0x20004814      0x100 CMakeFiles/assign02.dir/home/h4ckrman/pico/pico-sdk/src/rp2_common/pico_double/double_init_rom.c.obj
                0x20004814                sd_table
 .bss.sf_clz_func
                0x20004914        0x4 CMakeFiles/assign02.dir/home/h4ckrman/pico/pico-sdk/src/rp2_common/pico_double/double_init_rom.c.obj
                0x20004914                sf_clz_func
 .bss.sf_table  0x20004918      0x100 CMakeFiles/assign02.dir/home/h4ckrman/pico/pico-sdk/src/rp2_common/pico_float/float_init_rom.c.obj
                0x20004918                sf_table
 .bss.sleep_notifier
                0x20004a18        0x4 CMakeFiles/assign02.dir/home/h4ckrman/pico/pico-sdk/src/common/pico_time/time.c.obj
 .bss.target_hi
                0x20004a1c       0x10 CMakeFiles/assign02.dir/home/h4ckrman/pico/pico-sdk/src/rp2_common/hardware_timer/timer.c.obj
 .bss.uart_char_to_line_feed
                0x20004a2c        0x4 CMakeFiles/assign02.dir/home/h4ckrman/pico/pico-sdk/src/rp2_common/hardware_uart/uart.c.obj
                0x20004a2c                uart_char_to_line_feed
 .bss.uart_instance
                0x20004a30        0x4 CMakeFiles/assign02.dir/home/h4ckrman/pico/pico-sdk/src/rp2_common/pico_stdio_uart/stdio_uart.c.obj
 .bss.claimed   0x20004a34        0x1 CMakeFiles/assign02.dir/home/h4ckrman/pico/pico-sdk/src/rp2_common/hardware_timer/timer.c.obj
 .bss.irq_hander_chain_free_slot_head
                0x20004a35        0x1 CMakeFiles/assign02.dir/home/h4ckrman/pico/pico-sdk/src/rp2_common/hardware_irq/irq.c.obj
 .bss.timer_callbacks_pending
                0x20004a36        0x1 CMakeFiles/assign02.dir/home/h4ckrman/pico/pico-sdk/src/rp2_common/hardware_timer/timer.c.obj
 *(COMMON)
                0x20004a38                        . = ALIGN (0x4)
 *fill*         0x20004a37        0x1 
                0x20004a38                        __bss_end__ = .

.heap           0x20004a38      0x800
                0x20004a38                        __end__ = .
                0x20004a38                        end = __end__
 *(.heap*)
 .heap          0x20004a38      0x800 CMakeFiles/assign02.dir/home/h4ckrman/pico/pico-sdk/src/rp2_common/pico_standard_link/crt0.S.obj
                0x20005238                        __HeapLimit = .

.stack1_dummy
 *(.stack1*)

.stack_dummy    0x20041000      0x800
 *(.stack*)
 .stack         0x20041000      0x800 CMakeFiles/assign02.dir/home/h4ckrman/pico/pico-sdk/src/rp2_common/pico_standard_link/crt0.S.obj

.flash_end      0x1000dab4        0x0
                0x1000dab4                        PROVIDE (__flash_binary_end = .)
                0x20040000                        __StackLimit = (ORIGIN (RAM) + LENGTH (RAM))
                0x20041000                        __StackOneTop = (ORIGIN (SCRATCH_X) + LENGTH (SCRATCH_X))
                0x20042000                        __StackTop = (ORIGIN (SCRATCH_Y) + LENGTH (SCRATCH_Y))
                0x20041000                        __StackOneBottom = (__StackOneTop - SIZEOF (.stack1_dummy))
                0x20041800                        __StackBottom = (__StackTop - SIZEOF (.stack_dummy))
                0x20042000                        PROVIDE (__stack = __StackTop)
                0x00000001                        ASSERT ((__StackLimit >= __HeapLimit), region RAM overflowed)
                0x00000001                        ASSERT (((__binary_info_header_end - __logical_binary_start) <= 0x100), Binary info must be in first 256 bytes of the binary)
LOAD CMakeFiles/assign02.dir/assign02.c.obj
LOAD CMakeFiles/assign02.dir/assign02.S.obj
LOAD CMakeFiles/assign02.dir/home/h4ckrman/pico/pico-sdk/src/rp2_common/pico_stdlib/stdlib.c.obj
LOAD CMakeFiles/assign02.dir/home/h4ckrman/pico/pico-sdk/src/rp2_common/hardware_gpio/gpio.c.obj
LOAD CMakeFiles/assign02.dir/home/h4ckrman/pico/pico-sdk/src/rp2_common/pico_platform/platform.c.obj
LOAD CMakeFiles/assign02.dir/home/h4ckrman/pico/pico-sdk/src/rp2_common/hardware_claim/claim.c.obj
LOAD CMakeFiles/assign02.dir/home/h4ckrman/pico/pico-sdk/src/rp2_common/hardware_sync/sync.c.obj
LOAD CMakeFiles/assign02.dir/home/h4ckrman/pico/pico-sdk/src/rp2_common/hardware_irq/irq.c.obj
LOAD CMakeFiles/assign02.dir/home/h4ckrman/pico/pico-sdk/src/rp2_common/hardware_irq/irq_handler_chain.S.obj
LOAD CMakeFiles/assign02.dir/home/h4ckrman/pico/pico-sdk/src/common/pico_sync/sem.c.obj
LOAD CMakeFiles/assign02.dir/home/h4ckrman/pico/pico-sdk/src/common/pico_sync/lock_core.c.obj
LOAD CMakeFiles/assign02.dir/home/h4ckrman/pico/pico-sdk/src/common/pico_sync/mutex.c.obj
LOAD CMakeFiles/assign02.dir/home/h4ckrman/pico/pico-sdk/src/common/pico_sync/critical_section.c.obj
LOAD CMakeFiles/assign02.dir/home/h4ckrman/pico/pico-sdk/src/common/pico_time/time.c.obj
LOAD CMakeFiles/assign02.dir/home/h4ckrman/pico/pico-sdk/src/common/pico_time/timeout_helper.c.obj
LOAD CMakeFiles/assign02.dir/home/h4ckrman/pico/pico-sdk/src/rp2_common/hardware_timer/timer.c.obj
LOAD CMakeFiles/assign02.dir/home/h4ckrman/pico/pico-sdk/src/common/pico_util/datetime.c.obj
LOAD CMakeFiles/assign02.dir/home/h4ckrman/pico/pico-sdk/src/common/pico_util/pheap.c.obj
LOAD CMakeFiles/assign02.dir/home/h4ckrman/pico/pico-sdk/src/common/pico_util/queue.c.obj
LOAD CMakeFiles/assign02.dir/home/h4ckrman/pico/pico-sdk/src/rp2_common/hardware_uart/uart.c.obj
LOAD CMakeFiles/assign02.dir/home/h4ckrman/pico/pico-sdk/src/rp2_common/hardware_clocks/clocks.c.obj
LOAD CMakeFiles/assign02.dir/home/h4ckrman/pico/pico-sdk/src/rp2_common/hardware_pll/pll.c.obj
LOAD CMakeFiles/assign02.dir/home/h4ckrman/pico/pico-sdk/src/rp2_common/hardware_vreg/vreg.c.obj
LOAD CMakeFiles/assign02.dir/home/h4ckrman/pico/pico-sdk/src/rp2_common/hardware_watchdog/watchdog.c.obj
LOAD CMakeFiles/assign02.dir/home/h4ckrman/pico/pico-sdk/src/rp2_common/hardware_xosc/xosc.c.obj
LOAD CMakeFiles/assign02.dir/home/h4ckrman/pico/pico-sdk/src/rp2_common/hardware_divider/divider.S.obj
LOAD CMakeFiles/assign02.dir/home/h4ckrman/pico/pico-sdk/src/rp2_common/pico_runtime/runtime.c.obj
LOAD CMakeFiles/assign02.dir/home/h4ckrman/pico/pico-sdk/src/rp2_common/pico_printf/printf.c.obj
LOAD CMakeFiles/assign02.dir/home/h4ckrman/pico/pico-sdk/src/rp2_common/pico_bit_ops/bit_ops_aeabi.S.obj
LOAD CMakeFiles/assign02.dir/home/h4ckrman/pico/pico-sdk/src/rp2_common/pico_bootrom/bootrom.c.obj
LOAD CMakeFiles/assign02.dir/home/h4ckrman/pico/pico-sdk/src/rp2_common/pico_divider/divider.S.obj
LOAD CMakeFiles/assign02.dir/home/h4ckrman/pico/pico-sdk/src/rp2_common/pico_double/double_aeabi.S.obj
LOAD CMakeFiles/assign02.dir/home/h4ckrman/pico/pico-sdk/src/rp2_common/pico_double/double_init_rom.c.obj
LOAD CMakeFiles/assign02.dir/home/h4ckrman/pico/pico-sdk/src/rp2_common/pico_double/double_math.c.obj
LOAD CMakeFiles/assign02.dir/home/h4ckrman/pico/pico-sdk/src/rp2_common/pico_double/double_v1_rom_shim.S.obj
LOAD CMakeFiles/assign02.dir/home/h4ckrman/pico/pico-sdk/src/rp2_common/pico_int64_ops/pico_int64_ops_aeabi.S.obj
LOAD CMakeFiles/assign02.dir/home/h4ckrman/pico/pico-sdk/src/rp2_common/pico_float/float_aeabi.S.obj
LOAD CMakeFiles/assign02.dir/home/h4ckrman/pico/pico-sdk/src/rp2_common/pico_float/float_init_rom.c.obj
LOAD CMakeFiles/assign02.dir/home/h4ckrman/pico/pico-sdk/src/rp2_common/pico_float/float_math.c.obj
LOAD CMakeFiles/assign02.dir/home/h4ckrman/pico/pico-sdk/src/rp2_common/pico_float/float_v1_rom_shim.S.obj
LOAD CMakeFiles/assign02.dir/home/h4ckrman/pico/pico-sdk/src/rp2_common/pico_malloc/pico_malloc.c.obj
LOAD CMakeFiles/assign02.dir/home/h4ckrman/pico/pico-sdk/src/rp2_common/pico_mem_ops/mem_ops_aeabi.S.obj
LOAD CMakeFiles/assign02.dir/home/h4ckrman/pico/pico-sdk/src/rp2_common/pico_standard_link/crt0.S.obj
LOAD CMakeFiles/assign02.dir/home/h4ckrman/pico/pico-sdk/src/rp2_common/pico_standard_link/new_delete.cpp.obj
LOAD CMakeFiles/assign02.dir/home/h4ckrman/pico/pico-sdk/src/rp2_common/pico_standard_link/binary_info.c.obj
LOAD CMakeFiles/assign02.dir/home/h4ckrman/pico/pico-sdk/src/rp2_common/pico_stdio/stdio.c.obj
LOAD CMakeFiles/assign02.dir/home/h4ckrman/pico/pico-sdk/src/rp2_common/pico_stdio_uart/stdio_uart.c.obj
LOAD CMakeFiles/assign02.dir/home/h4ckrman/pico/pico-sdk/src/rp2_common/hardware_pio/pio.c.obj
LOAD /tmp/ccrQypFh.o
LOAD /usr/lib/gcc/arm-none-eabi/12.2.1/../../../arm-none-eabi/lib/thumb/v6-m/nofp/libstdc++.a
LOAD /usr/lib/gcc/arm-none-eabi/12.2.1/../../../arm-none-eabi/lib/thumb/v6-m/nofp/libm.a
START GROUP
LOAD /usr/lib/gcc/arm-none-eabi/12.2.1/thumb/v6-m/nofp/libgcc.a
LOAD /usr/lib/gcc/arm-none-eabi/12.2.1/../../../arm-none-eabi/lib/thumb/v6-m/nofp/libg.a
LOAD /usr/lib/gcc/arm-none-eabi/12.2.1/../../../arm-none-eabi/lib/thumb/v6-m/nofp/libc.a
END GROUP
START GROUP
LOAD /usr/lib/gcc/arm-none-eabi/12.2.1/thumb/v6-m/nofp/libgcc.a
LOAD /usr/lib/gcc/arm-none-eabi/12.2.1/../../../arm-none-eabi/lib/thumb/v6-m/nofp/libc.a
LOAD /usr/lib/gcc/arm-none-eabi/12.2.1/../../../arm-none-eabi/lib/thumb/v6-m/nofp/libnosys.a
END GROUP
LOAD /usr/lib/gcc/arm-none-eabi/12.2.1/thumb/v6-m/nofp/crtend.o
LOAD /usr/lib/gcc/arm-none-eabi/12.2.1/thumb/v6-m/nofp/crtn.o
OUTPUT(assign02.elf elf32-littlearm)
LOAD linker stubs

.ARM.attributes
                0x00000000       0x28
 .ARM.attributes
                0x00000000       0x1e /usr/lib/gcc/arm-none-eabi/12.2.1/thumb/v6-m/nofp/crti.o
 .ARM.attributes
                0x0000001e       0x2c /usr/lib/gcc/arm-none-eabi/12.2.1/thumb/v6-m/nofp/crtbegin.o
 .ARM.attributes
                0x0000004a       0x2c CMakeFiles/assign02.dir/assign02.c.obj
 .ARM.attributes
                0x00000076       0x22 CMakeFiles/assign02.dir/assign02.S.obj
 .ARM.attributes
                0x00000098       0x2c CMakeFiles/assign02.dir/home/h4ckrman/pico/pico-sdk/src/rp2_common/hardware_gpio/gpio.c.obj
 .ARM.attributes
                0x000000c4       0x2c CMakeFiles/assign02.dir/home/h4ckrman/pico/pico-sdk/src/rp2_common/pico_platform/platform.c.obj
 .ARM.attributes
                0x000000f0       0x2c CMakeFiles/assign02.dir/home/h4ckrman/pico/pico-sdk/src/rp2_common/hardware_claim/claim.c.obj
 .ARM.attributes
                0x0000011c       0x2c CMakeFiles/assign02.dir/home/h4ckrman/pico/pico-sdk/src/rp2_common/hardware_sync/sync.c.obj
 .ARM.attributes
                0x00000148       0x2c CMakeFiles/assign02.dir/home/h4ckrman/pico/pico-sdk/src/rp2_common/hardware_irq/irq.c.obj
 .ARM.attributes
                0x00000174       0x22 CMakeFiles/assign02.dir/home/h4ckrman/pico/pico-sdk/src/rp2_common/hardware_irq/irq_handler_chain.S.obj
 .ARM.attributes
                0x00000196       0x2c CMakeFiles/assign02.dir/home/h4ckrman/pico/pico-sdk/src/common/pico_sync/lock_core.c.obj
 .ARM.attributes
                0x000001c2       0x2c CMakeFiles/assign02.dir/home/h4ckrman/pico/pico-sdk/src/common/pico_sync/mutex.c.obj
 .ARM.attributes
                0x000001ee       0x2c CMakeFiles/assign02.dir/home/h4ckrman/pico/pico-sdk/src/common/pico_time/time.c.obj
 .ARM.attributes
                0x0000021a       0x2c CMakeFiles/assign02.dir/home/h4ckrman/pico/pico-sdk/src/rp2_common/hardware_timer/timer.c.obj
 .ARM.attributes
                0x00000246       0x2c CMakeFiles/assign02.dir/home/h4ckrman/pico/pico-sdk/src/common/pico_util/pheap.c.obj
 .ARM.attributes
                0x00000272       0x2c CMakeFiles/assign02.dir/home/h4ckrman/pico/pico-sdk/src/rp2_common/hardware_uart/uart.c.obj
 .ARM.attributes
                0x0000029e       0x2c CMakeFiles/assign02.dir/home/h4ckrman/pico/pico-sdk/src/rp2_common/hardware_clocks/clocks.c.obj
 .ARM.attributes
                0x000002ca       0x2c CMakeFiles/assign02.dir/home/h4ckrman/pico/pico-sdk/src/rp2_common/hardware_pll/pll.c.obj
 .ARM.attributes
                0x000002f6       0x2c CMakeFiles/assign02.dir/home/h4ckrman/pico/pico-sdk/src/rp2_common/hardware_watchdog/watchdog.c.obj
 .ARM.attributes
                0x00000322       0x2c CMakeFiles/assign02.dir/home/h4ckrman/pico/pico-sdk/src/rp2_common/hardware_xosc/xosc.c.obj
 .ARM.attributes
                0x0000034e       0x2c CMakeFiles/assign02.dir/home/h4ckrman/pico/pico-sdk/src/rp2_common/pico_runtime/runtime.c.obj
 .ARM.attributes
                0x0000037a       0x2c CMakeFiles/assign02.dir/home/h4ckrman/pico/pico-sdk/src/rp2_common/pico_printf/printf.c.obj
 .ARM.attributes
                0x000003a6       0x22 CMakeFiles/assign02.dir/home/h4ckrman/pico/pico-sdk/src/rp2_common/pico_bit_ops/bit_ops_aeabi.S.obj
 .ARM.attributes
                0x000003c8       0x2c CMakeFiles/assign02.dir/home/h4ckrman/pico/pico-sdk/src/rp2_common/pico_bootrom/bootrom.c.obj
 .ARM.attributes
                0x000003f4       0x22 CMakeFiles/assign02.dir/home/h4ckrman/pico/pico-sdk/src/rp2_common/pico_divider/divider.S.obj
 .ARM.attributes
                0x00000416       0x22 CMakeFiles/assign02.dir/home/h4ckrman/pico/pico-sdk/src/rp2_common/pico_double/double_aeabi.S.obj
 .ARM.attributes
                0x00000438       0x2c CMakeFiles/assign02.dir/home/h4ckrman/pico/pico-sdk/src/rp2_common/pico_double/double_init_rom.c.obj
 .ARM.attributes
                0x00000464       0x22 CMakeFiles/assign02.dir/home/h4ckrman/pico/pico-sdk/src/rp2_common/pico_double/double_v1_rom_shim.S.obj
 .ARM.attributes
                0x00000486       0x22 CMakeFiles/assign02.dir/home/h4ckrman/pico/pico-sdk/src/rp2_common/pico_int64_ops/pico_int64_ops_aeabi.S.obj
 .ARM.attributes
                0x000004a8       0x22 CMakeFiles/assign02.dir/home/h4ckrman/pico/pico-sdk/src/rp2_common/pico_float/float_aeabi.S.obj
 .ARM.attributes
                0x000004ca       0x2c CMakeFiles/assign02.dir/home/h4ckrman/pico/pico-sdk/src/rp2_common/pico_float/float_init_rom.c.obj
 .ARM.attributes
                0x000004f6       0x22 CMakeFiles/assign02.dir/home/h4ckrman/pico/pico-sdk/src/rp2_common/pico_float/float_v1_rom_shim.S.obj
 .ARM.attributes
                0x00000518       0x22 CMakeFiles/assign02.dir/home/h4ckrman/pico/pico-sdk/src/rp2_common/pico_mem_ops/mem_ops_aeabi.S.obj
 .ARM.attributes
                0x0000053a       0x22 CMakeFiles/assign02.dir/home/h4ckrman/pico/pico-sdk/src/rp2_common/pico_standard_link/crt0.S.obj
 .ARM.attributes
                0x0000055c       0x2c CMakeFiles/assign02.dir/home/h4ckrman/pico/pico-sdk/src/rp2_common/pico_standard_link/binary_info.c.obj
 .ARM.attributes
                0x00000588       0x2c CMakeFiles/assign02.dir/home/h4ckrman/pico/pico-sdk/src/rp2_common/pico_stdio/stdio.c.obj
 .ARM.attributes